ARM Linker, 5.03 [Build 76] [MDK-ARM Lite]

==============================================================================

Section Cross References

    startup_tm4c123.o(STACK) refers (Special) to heapauxi.o(.text) for __use_two_region_memory
    startup_tm4c123.o(HEAP) refers (Special) to heapauxi.o(.text) for __use_two_region_memory
    startup_tm4c123.o(RESET) refers (Special) to heapauxi.o(.text) for __use_two_region_memory
    startup_tm4c123.o(RESET) refers to startup_tm4c123.o(STACK) for __initial_sp
    startup_tm4c123.o(RESET) refers to startup_tm4c123.o(.text) for Reset_Handler
    startup_tm4c123.o(.text) refers (Special) to heapauxi.o(.text) for __use_two_region_memory
    startup_tm4c123.o(.text) refers to __main.o(!!!main) for __main
    startup_tm4c123.o(.text) refers to startup_tm4c123.o(HEAP) for Heap_Mem
    startup_tm4c123.o(.text) refers to startup_tm4c123.o(STACK) for Stack_Mem
    lcd.o(.text) refers to _printf_percent.o(.ARM.Collect$$_printf_percent$$00000000) for _printf_percent
    lcd.o(.text) refers to _printf_d.o(.ARM.Collect$$_printf_percent$$00000009) for _printf_d
    lcd.o(.text) refers to _printf_dec.o(.text) for _printf_int_dec
    lcd.o(.text) refers to delays.o(.text) for delayMs
    lcd.o(.text) refers to noretval__2sprintf.o(.text) for __2sprintf
    keypad.o(.text) refers to delays.o(.text) for delayMs
    keypad.o(.text) refers to keypad.o(.data) for symbol
    main.o(.text) refers to delays.o(.text) for delayMs
    main.o(.text) refers to lcd.o(.text) for LCD_command
    main.o(.text) refers to switches.o(.text) for sw3_Input
    main.o(.text) refers to keypad.o(.text) for keypad_getkey
    main.o(.text) refers to main.o(.data) for mystate
    __2sprintf.o(.text) refers to _printf_char_common.o(.text) for _printf_char_common
    __2sprintf.o(.text) refers to _sputc.o(.text) for _sputc
    noretval__2sprintf.o(.text) refers to _printf_char_common.o(.text) for _printf_char_common
    noretval__2sprintf.o(.text) refers to _sputc.o(.text) for _sputc
    __printf.o(.text) refers to _printf_percent.o(.ARM.Collect$$_printf_percent$$00000000) for _printf_percent
    _printf_dec.o(.text) refers to _printf_intcommon.o(.text) for _printf_int_common
    __printf_flags.o(.text) refers to _printf_percent.o(.ARM.Collect$$_printf_percent$$00000000) for _printf_percent
    __printf_flags.o(.text) refers to __printf_flags.o(.constdata) for .constdata
    __printf_ss.o(.text) refers to _printf_percent.o(.ARM.Collect$$_printf_percent$$00000000) for _printf_percent
    __printf_flags_ss.o(.text) refers to _printf_percent.o(.ARM.Collect$$_printf_percent$$00000000) for _printf_percent
    __printf_flags_ss.o(.text) refers to __printf_flags_ss.o(.constdata) for .constdata
    __printf_wp.o(.text) refers to __printf_wp.o(i._is_digit) for _is_digit
    __printf_wp.o(.text) refers to _printf_percent.o(.ARM.Collect$$_printf_percent$$00000000) for _printf_percent
    __printf_flags_wp.o(.text) refers to __printf_wp.o(i._is_digit) for _is_digit
    __printf_flags_wp.o(.text) refers to _printf_percent.o(.ARM.Collect$$_printf_percent$$00000000) for _printf_percent
    __printf_flags_wp.o(.text) refers to __printf_flags_wp.o(.constdata) for .constdata
    __printf_ss_wp.o(.text) refers to __printf_wp.o(i._is_digit) for _is_digit
    __printf_ss_wp.o(.text) refers to _printf_percent.o(.ARM.Collect$$_printf_percent$$00000000) for _printf_percent
    __printf_flags_ss_wp.o(.text) refers to __printf_wp.o(i._is_digit) for _is_digit
    __printf_flags_ss_wp.o(.text) refers to _printf_percent.o(.ARM.Collect$$_printf_percent$$00000000) for _printf_percent
    __printf_flags_ss_wp.o(.text) refers to __printf_flags_ss_wp.o(.constdata) for .constdata
    _printf_d.o(.ARM.Collect$$_printf_percent$$00000009) refers (Weak) to _printf_dec.o(.text) for _printf_int_dec
    _printf_percent.o(.ARM.Collect$$_printf_percent$$00000000) refers (Special) to _printf_percent_end.o(.ARM.Collect$$_printf_percent$$00000017) for _printf_percent_end
    __main.o(!!!main) refers to rtentry.o(.ARM.Collect$$rtentry$$00000000) for __rt_entry
    rtentry.o(.ARM.Collect$$rtentry$$00000000) refers (Special) to rtentry2.o(.ARM.Collect$$rtentry$$0000000A) for __rt_entry_li
    rtentry.o(.ARM.Collect$$rtentry$$00000000) refers (Special) to rtentry2.o(.ARM.Collect$$rtentry$$0000000D) for __rt_entry_main
    rtentry.o(.ARM.Collect$$rtentry$$00000000) refers (Special) to rtentry2.o(.ARM.Collect$$rtentry$$0000000C) for __rt_entry_postli_1
    rtentry.o(.ARM.Collect$$rtentry$$00000000) refers (Special) to rtentry2.o(.ARM.Collect$$rtentry$$00000009) for __rt_entry_postsh_1
    rtentry.o(.ARM.Collect$$rtentry$$00000000) refers (Special) to rtentry2.o(.ARM.Collect$$rtentry$$00000002) for __rt_entry_presh_1
    rtentry.o(.ARM.Collect$$rtentry$$00000000) refers (Special) to rtentry4.o(.ARM.Collect$$rtentry$$00000004) for __rt_entry_sh
    _printf_char_common.o(.text) refers to __printf.o(.text) for __printf
    rtentry2.o(.ARM.Collect$$rtentry$$00000008) refers to boardinit2.o(.text) for _platform_post_stackheap_init
    rtentry2.o(.ARM.Collect$$rtentry$$0000000A) refers to libinit.o(.ARM.Collect$$libinit$$00000000) for __rt_lib_init
    rtentry2.o(.ARM.Collect$$rtentry$$0000000B) refers to boardinit3.o(.text) for _platform_post_lib_init
    rtentry2.o(.ARM.Collect$$rtentry$$0000000D) refers to main.o(.text) for main
    rtentry2.o(.ARM.Collect$$rtentry$$0000000D) refers to exit.o(.text) for exit
    rtentry2.o(.ARM.exidx) refers to rtentry2.o(.ARM.Collect$$rtentry$$00000001) for .ARM.Collect$$rtentry$$00000001
    rtentry2.o(.ARM.exidx) refers to rtentry2.o(.ARM.Collect$$rtentry$$00000008) for .ARM.Collect$$rtentry$$00000008
    rtentry2.o(.ARM.exidx) refers to rtentry2.o(.ARM.Collect$$rtentry$$0000000A) for .ARM.Collect$$rtentry$$0000000A
    rtentry2.o(.ARM.exidx) refers to rtentry2.o(.ARM.Collect$$rtentry$$0000000B) for .ARM.Collect$$rtentry$$0000000B
    rtentry2.o(.ARM.exidx) refers to rtentry2.o(.ARM.Collect$$rtentry$$0000000D) for .ARM.Collect$$rtentry$$0000000D
    rtentry4.o(.ARM.Collect$$rtentry$$00000004) refers to sys_stackheap_outer.o(.text) for __user_setup_stackheap
    rtentry4.o(.ARM.exidx) refers to rtentry4.o(.ARM.Collect$$rtentry$$00000004) for .ARM.Collect$$rtentry$$00000004
    sys_stackheap_outer.o(.text) refers to libspace.o(.text) for __user_perproc_libspace
    sys_stackheap_outer.o(.text) refers to startup_tm4c123.o(.text) for __user_initial_stackheap
    exit.o(.text) refers to rtexit.o(.ARM.Collect$$rtexit$$00000000) for __rt_exit
    libinit.o(.ARM.Collect$$libinit$$00000000) refers (Special) to libinit2.o(.ARM.Collect$$libinit$$0000002C) for __rt_lib_init_alloca_1
    libinit.o(.ARM.Collect$$libinit$$00000000) refers (Special) to libinit2.o(.ARM.Collect$$libinit$$0000002A) for __rt_lib_init_argv_1
    libinit.o(.ARM.Collect$$libinit$$00000000) refers (Special) to libinit2.o(.ARM.Collect$$libinit$$00000019) for __rt_lib_init_atexit_1
    libinit.o(.ARM.Collect$$libinit$$00000000) refers (Special) to libinit2.o(.ARM.Collect$$libinit$$0000001F) for __rt_lib_init_clock_1
    libinit.o(.ARM.Collect$$libinit$$00000000) refers (Special) to libinit2.o(.ARM.Collect$$libinit$$00000030) for __rt_lib_init_cpp_1
    libinit.o(.ARM.Collect$$libinit$$00000000) refers (Special) to libinit2.o(.ARM.Collect$$libinit$$0000002E) for __rt_lib_init_exceptions_1
    libinit.o(.ARM.Collect$$libinit$$00000000) refers (Special) to libinit2.o(.ARM.Collect$$libinit$$00000001) for __rt_lib_init_fp_1
    libinit.o(.ARM.Collect$$libinit$$00000000) refers (Special) to libinit2.o(.ARM.Collect$$libinit$$0000001D) for __rt_lib_init_fp_trap_1
    libinit.o(.ARM.Collect$$libinit$$00000000) refers (Special) to libinit2.o(.ARM.Collect$$libinit$$00000021) for __rt_lib_init_getenv_1
    libinit.o(.ARM.Collect$$libinit$$00000000) refers (Special) to libinit2.o(.ARM.Collect$$libinit$$00000008) for __rt_lib_init_heap_1
    libinit.o(.ARM.Collect$$libinit$$00000000) refers (Special) to libinit2.o(.ARM.Collect$$libinit$$0000000F) for __rt_lib_init_lc_collate_1
    libinit.o(.ARM.Collect$$libinit$$00000000) refers (Special) to libinit2.o(.ARM.Collect$$libinit$$00000011) for __rt_lib_init_lc_ctype_1
    libinit.o(.ARM.Collect$$libinit$$00000000) refers (Special) to libinit2.o(.ARM.Collect$$libinit$$00000013) for __rt_lib_init_lc_monetary_1
    libinit.o(.ARM.Collect$$libinit$$00000000) refers (Special) to libinit2.o(.ARM.Collect$$libinit$$00000015) for __rt_lib_init_lc_numeric_1
    libinit.o(.ARM.Collect$$libinit$$00000000) refers (Special) to libinit2.o(.ARM.Collect$$libinit$$00000017) for __rt_lib_init_lc_time_1
    libinit.o(.ARM.Collect$$libinit$$00000000) refers (Special) to libinit2.o(.ARM.Collect$$libinit$$0000000C) for __rt_lib_init_rand_1
    libinit.o(.ARM.Collect$$libinit$$00000000) refers (Special) to libinit2.o(.ARM.Collect$$libinit$$00000031) for __rt_lib_init_return
    libinit.o(.ARM.Collect$$libinit$$00000000) refers (Special) to libinit2.o(.ARM.Collect$$libinit$$0000001B) for __rt_lib_init_signal_1
    libinit.o(.ARM.Collect$$libinit$$00000000) refers (Special) to libinit2.o(.ARM.Collect$$libinit$$00000023) for __rt_lib_init_stdio_1
    libinit.o(.ARM.Collect$$libinit$$00000000) refers (Special) to libinit2.o(.ARM.Collect$$libinit$$0000000A) for __rt_lib_init_user_alloc_1
    libspace.o(.text) refers to libspace.o(.bss) for __libspace_start
    rtexit.o(.ARM.Collect$$rtexit$$00000000) refers (Special) to rtexit2.o(.ARM.Collect$$rtexit$$00000004) for __rt_exit_exit
    rtexit.o(.ARM.Collect$$rtexit$$00000000) refers (Special) to rtexit2.o(.ARM.Collect$$rtexit$$00000003) for __rt_exit_ls
    rtexit.o(.ARM.Collect$$rtexit$$00000000) refers (Special) to rtexit2.o(.ARM.Collect$$rtexit$$00000002) for __rt_exit_prels_1
    rtexit.o(.ARM.exidx) refers (Special) to rtexit2.o(.ARM.Collect$$rtexit$$00000004) for __rt_exit_exit
    rtexit.o(.ARM.exidx) refers (Special) to rtexit2.o(.ARM.Collect$$rtexit$$00000003) for __rt_exit_ls
    rtexit.o(.ARM.exidx) refers (Special) to rtexit2.o(.ARM.Collect$$rtexit$$00000002) for __rt_exit_prels_1
    rtexit.o(.ARM.exidx) refers to rtexit.o(.ARM.Collect$$rtexit$$00000000) for .ARM.Collect$$rtexit$$00000000
    libinit2.o(.ARM.Collect$$libinit$$00000001) refers to fpinit.o(x$fpl$fpinit) for _fp_init
    libinit2.o(.ARM.Collect$$libinit$$0000000E) refers to libinit2.o(.ARM.Collect$$libinit$$0000000D) for .ARM.Collect$$libinit$$0000000D
    libinit2.o(.ARM.Collect$$libinit$$00000010) refers to libinit2.o(.ARM.Collect$$libinit$$0000000D) for .ARM.Collect$$libinit$$0000000D
    libinit2.o(.ARM.Collect$$libinit$$00000012) refers to libinit2.o(.ARM.Collect$$libinit$$0000000D) for .ARM.Collect$$libinit$$0000000D
    libinit2.o(.ARM.Collect$$libinit$$00000014) refers to libinit2.o(.ARM.Collect$$libinit$$0000000D) for .ARM.Collect$$libinit$$0000000D
    libinit2.o(.ARM.Collect$$libinit$$00000016) refers to libinit2.o(.ARM.Collect$$libinit$$0000000D) for .ARM.Collect$$libinit$$0000000D
    libinit2.o(.ARM.Collect$$libinit$$00000024) refers to argv_veneer.o(.emb_text) for __ARM_argv_veneer
    libinit2.o(.ARM.Collect$$libinit$$00000025) refers to argv_veneer.o(.emb_text) for __ARM_argv_veneer
    rtexit2.o(.ARM.Collect$$rtexit$$00000003) refers to libshutdown.o(.ARM.Collect$$libshutdown$$00000000) for __rt_lib_shutdown
    rtexit2.o(.ARM.Collect$$rtexit$$00000004) refers to sys_exit.o(.text) for _sys_exit
    rtexit2.o(.ARM.exidx) refers to rtexit2.o(.ARM.Collect$$rtexit$$00000001) for .ARM.Collect$$rtexit$$00000001
    rtexit2.o(.ARM.exidx) refers to rtexit2.o(.ARM.Collect$$rtexit$$00000003) for .ARM.Collect$$rtexit$$00000003
    rtexit2.o(.ARM.exidx) refers to rtexit2.o(.ARM.Collect$$rtexit$$00000004) for .ARM.Collect$$rtexit$$00000004
    argv_veneer.o(.emb_text) refers to no_argv.o(.text) for __ARM_get_argv
    sys_exit.o(.text) refers (Special) to use_no_semi.o(.text) for __I$use$semihosting
    sys_exit.o(.text) refers (Special) to indicate_semi.o(.text) for __semihosting_library_function
    _get_argv_nomalloc.o(.text) refers (Special) to hrguard.o(.text) for __heap_region$guard
    _get_argv_nomalloc.o(.text) refers to defsig_rtmem_outer.o(.text) for __rt_SIGRTMEM
    _get_argv_nomalloc.o(.text) refers to sys_command.o(.text) for _sys_command_string
    libshutdown.o(.ARM.Collect$$libshutdown$$00000000) refers (Special) to libshutdown2.o(.ARM.Collect$$libshutdown$$00000006) for __rt_lib_shutdown_fp_trap_1
    libshutdown.o(.ARM.Collect$$libshutdown$$00000000) refers (Special) to libshutdown2.o(.ARM.Collect$$libshutdown$$0000000E) for __rt_lib_shutdown_heap_1
    libshutdown.o(.ARM.Collect$$libshutdown$$00000000) refers (Special) to libshutdown2.o(.ARM.Collect$$libshutdown$$0000000F) for __rt_lib_shutdown_return
    libshutdown.o(.ARM.Collect$$libshutdown$$00000000) refers (Special) to libshutdown2.o(.ARM.Collect$$libshutdown$$00000009) for __rt_lib_shutdown_signal_1
    libshutdown.o(.ARM.Collect$$libshutdown$$00000000) refers (Special) to libshutdown2.o(.ARM.Collect$$libshutdown$$00000003) for __rt_lib_shutdown_stdio_1
    libshutdown.o(.ARM.Collect$$libshutdown$$00000000) refers (Special) to libshutdown2.o(.ARM.Collect$$libshutdown$$0000000B) for __rt_lib_shutdown_user_alloc_1
    sys_command.o(.text) refers (Special) to use_no_semi.o(.text) for __I$use$semihosting
    sys_command.o(.text) refers (Special) to indicate_semi.o(.text) for __semihosting_library_function
    defsig_rtmem_outer.o(.text) refers to defsig_rtmem_inner.o(.text) for __rt_SIGRTMEM_inner
    defsig_rtmem_outer.o(.text) refers to defsig_exit.o(.text) for __sig_exit
    defsig_rtmem_formal.o(.text) refers to rt_raise.o(.text) for __rt_raise
    rt_raise.o(.text) refers to __raise.o(.text) for __raise
    rt_raise.o(.text) refers to sys_exit.o(.text) for _sys_exit
    defsig_exit.o(.text) refers to sys_exit.o(.text) for _sys_exit
    defsig_rtmem_inner.o(.text) refers to defsig_general.o(.text) for __default_signal_display
    __raise.o(.text) refers to defsig.o(CL$$defsig) for __default_signal_handler
    defsig_general.o(.text) refers to sys_wrch.o(.text) for _ttywrch
    sys_wrch.o(.text) refers (Special) to use_no_semi.o(.text) for __I$use$semihosting
    sys_wrch.o(.text) refers (Special) to indicate_semi.o(.text) for __semihosting_library_function
    defsig.o(CL$$defsig) refers to defsig_rtmem_inner.o(.text) for __rt_SIGRTMEM_inner
    defsig_abrt_inner.o(.text) refers to defsig_general.o(.text) for __default_signal_display
    defsig_fpe_inner.o(.text) refers to defsig_general.o(.text) for __default_signal_display
    defsig_rtred_inner.o(.text) refers to defsig_general.o(.text) for __default_signal_display
    defsig_stak_inner.o(.text) refers to defsig_general.o(.text) for __default_signal_display
    defsig_pvfn_inner.o(.text) refers to defsig_general.o(.text) for __default_signal_display
    defsig_cppl_inner.o(.text) refers to defsig_general.o(.text) for __default_signal_display
    defsig_segv_inner.o(.text) refers to defsig_general.o(.text) for __default_signal_display
    defsig_other.o(.text) refers to defsig_general.o(.text) for __default_signal_display


==============================================================================

Removing Unused input sections from the image.

    Removing switches.o(.rev16_text), (4 bytes).
    Removing switches.o(.revsh_text), (4 bytes).
    Removing main.o(.rev16_text), (4 bytes).
    Removing main.o(.revsh_text), (4 bytes).

4 unused section(s) (total 16 bytes) removed from the image.

==============================================================================

Image Symbol Table

    Local Symbols

    Symbol Name                              Value     Ov Type        Size  Object(Section)

    RESET                                    0x00000000   Section      620  startup_tm4c123.o(RESET)
    ../clib/angel/boardlib.s                 0x00000000   Number         0  boardshut.o ABSOLUTE
    ../clib/angel/boardlib.s                 0x00000000   Number         0  boardinit3.o ABSOLUTE
    ../clib/angel/boardlib.s                 0x00000000   Number         0  boardinit1.o ABSOLUTE
    ../clib/angel/boardlib.s                 0x00000000   Number         0  boardinit2.o ABSOLUTE
    ../clib/angel/handlers.s                 0x00000000   Number         0  __scatter_zi.o ABSOLUTE
    ../clib/angel/handlers.s                 0x00000000   Number         0  __scatter_copy.o ABSOLUTE
    ../clib/angel/kernel.s                   0x00000000   Number         0  rtexit.o ABSOLUTE
    ../clib/angel/kernel.s                   0x00000000   Number         0  rtentry4.o ABSOLUTE
    ../clib/angel/kernel.s                   0x00000000   Number         0  rtentry2.o ABSOLUTE
    ../clib/angel/kernel.s                   0x00000000   Number         0  rtentry.o ABSOLUTE
    ../clib/angel/kernel.s                   0x00000000   Number         0  rtexit2.o ABSOLUTE
    ../clib/angel/rt.s                       0x00000000   Number         0  rt_raise.o ABSOLUTE
    ../clib/angel/scatter.s                  0x00000000   Number         0  __scatter.o ABSOLUTE
    ../clib/angel/startup.s                  0x00000000   Number         0  __main.o ABSOLUTE
    ../clib/angel/sys.s                      0x00000000   Number         0  sys_stackheap_outer.o ABSOLUTE
    ../clib/angel/sys.s                      0x00000000   Number         0  use_no_semi.o ABSOLUTE
    ../clib/angel/sys.s                      0x00000000   Number         0  indicate_semi.o ABSOLUTE
    ../clib/angel/sys.s                      0x00000000   Number         0  libspace.o ABSOLUTE
    ../clib/angel/sysapp.c                   0x00000000   Number         0  sys_exit.o ABSOLUTE
    ../clib/angel/sysapp.c                   0x00000000   Number         0  sys_command.o ABSOLUTE
    ../clib/angel/sysapp.c                   0x00000000   Number         0  sys_wrch.o ABSOLUTE
    ../clib/armsys.c                         0x00000000   Number         0  argv_veneer.o ABSOLUTE
    ../clib/armsys.c                         0x00000000   Number         0  argv_veneer.o ABSOLUTE
    ../clib/armsys.c                         0x00000000   Number         0  _get_argv_nomalloc.o ABSOLUTE
    ../clib/armsys.c                         0x00000000   Number         0  no_argv.o ABSOLUTE
    ../clib/heapalloc.c                      0x00000000   Number         0  hrguard.o ABSOLUTE
    ../clib/heapaux.c                        0x00000000   Number         0  heapauxi.o ABSOLUTE
    ../clib/libinit.s                        0x00000000   Number         0  libinit.o ABSOLUTE
    ../clib/libinit.s                        0x00000000   Number         0  libshutdown2.o ABSOLUTE
    ../clib/libinit.s                        0x00000000   Number         0  libinit2.o ABSOLUTE
    ../clib/libinit.s                        0x00000000   Number         0  libshutdown.o ABSOLUTE
    ../clib/printf.c                         0x00000000   Number         0  __printf_ss.o ABSOLUTE
    ../clib/printf.c                         0x00000000   Number         0  __printf_flags_ss.o ABSOLUTE
    ../clib/printf.c                         0x00000000   Number         0  __printf_wp.o ABSOLUTE
    ../clib/printf.c                         0x00000000   Number         0  __printf_flags_wp.o ABSOLUTE
    ../clib/printf.c                         0x00000000   Number         0  __printf_ss_wp.o ABSOLUTE
    ../clib/printf.c                         0x00000000   Number         0  __printf_flags_ss_wp.o ABSOLUTE
    ../clib/printf.c                         0x00000000   Number         0  _printf_intcommon.o ABSOLUTE
    ../clib/printf.c                         0x00000000   Number         0  _printf_char_common.o ABSOLUTE
    ../clib/printf.c                         0x00000000   Number         0  _sputc.o ABSOLUTE
    ../clib/printf.c                         0x00000000   Number         0  __printf_nopercent.o ABSOLUTE
    ../clib/printf.c                         0x00000000   Number         0  __2sprintf.o ABSOLUTE
    ../clib/printf.c                         0x00000000   Number         0  noretval__2sprintf.o ABSOLUTE
    ../clib/printf.c                         0x00000000   Number         0  __printf.o ABSOLUTE
    ../clib/printf.c                         0x00000000   Number         0  _printf_dec.o ABSOLUTE
    ../clib/printf.c                         0x00000000   Number         0  __printf_flags.o ABSOLUTE
    ../clib/printf_percent.s                 0x00000000   Number         0  _printf_percent.o ABSOLUTE
    ../clib/printf_percent.s                 0x00000000   Number         0  _printf_percent_end.o ABSOLUTE
    ../clib/printf_percent.s                 0x00000000   Number         0  _printf_d.o ABSOLUTE
    ../clib/signal.c                         0x00000000   Number         0  defsig_exit.o ABSOLUTE
    ../clib/signal.c                         0x00000000   Number         0  defsig_rtmem_inner.o ABSOLUTE
    ../clib/signal.c                         0x00000000   Number         0  __raise.o ABSOLUTE
    ../clib/signal.c                         0x00000000   Number         0  defsig_rtred_inner.o ABSOLUTE
    ../clib/signal.c                         0x00000000   Number         0  defsig_stak_inner.o ABSOLUTE
    ../clib/signal.c                         0x00000000   Number         0  defsig_pvfn_inner.o ABSOLUTE
    ../clib/signal.c                         0x00000000   Number         0  defsig_cppl_inner.o ABSOLUTE
    ../clib/signal.c                         0x00000000   Number         0  defsig_segv_inner.o ABSOLUTE
    ../clib/signal.c                         0x00000000   Number         0  defsig_fpe_inner.o ABSOLUTE
    ../clib/signal.c                         0x00000000   Number         0  defsig_other.o ABSOLUTE
    ../clib/signal.c                         0x00000000   Number         0  defsig_general.o ABSOLUTE
    ../clib/signal.c                         0x00000000   Number         0  defsig_rtmem_formal.o ABSOLUTE
    ../clib/signal.c                         0x00000000   Number         0  defsig_rtmem_outer.o ABSOLUTE
    ../clib/signal.c                         0x00000000   Number         0  defsig_abrt_inner.o ABSOLUTE
    ../clib/signal.s                         0x00000000   Number         0  defsig.o ABSOLUTE
    ../clib/stdlib.c                         0x00000000   Number         0  exit.o ABSOLUTE
    ../fplib/fpinit.s                        0x00000000   Number         0  fpinit.o ABSOLUTE
    Switches.c                               0x00000000   Number         0  switches.o ABSOLUTE
    Switches.c                               0x00000000   Number         0  switches.o ABSOLUTE
    dc.s                                     0x00000000   Number         0  dc.o ABSOLUTE
    delays.c                                 0x00000000   Number         0  delays.o ABSOLUTE
    keypad.c                                 0x00000000   Number         0  keypad.o ABSOLUTE
    lcd.c                                    0x00000000   Number         0  lcd.o ABSOLUTE
    main.c                                   0x00000000   Number         0  main.o ABSOLUTE
    main.c                                   0x00000000   Number         0  main.o ABSOLUTE
    startup_TM4C123.s                        0x00000000   Number         0  startup_tm4c123.o ABSOLUTE
    !!!main                                  0x0000026c   Section        8  __main.o(!!!main)
    !!!scatter                               0x00000274   Section       52  __scatter.o(!!!scatter)
    !!handler_copy                           0x000002a8   Section       26  __scatter_copy.o(!!handler_copy)
    !!handler_zi                             0x000002c4   Section       28  __scatter_zi.o(!!handler_zi)
    .ARM.Collect$$_printf_percent$$00000000  0x000002e0   Section        0  _printf_percent.o(.ARM.Collect$$_printf_percent$$00000000)
    .ARM.Collect$$_printf_percent$$00000009  0x000002e0   Section        6  _printf_d.o(.ARM.Collect$$_printf_percent$$00000009)
    .ARM.Collect$$_printf_percent$$00000017  0x000002e6   Section        4  _printf_percent_end.o(.ARM.Collect$$_printf_percent$$00000017)
    .ARM.Collect$$libinit$$00000000          0x000002ea   Section        2  libinit.o(.ARM.Collect$$libinit$$00000000)
    .ARM.Collect$$libinit$$00000001          0x000002ec   Section        4  libinit2.o(.ARM.Collect$$libinit$$00000001)
    .ARM.Collect$$libinit$$00000008          0x000002f0   Section        0  libinit2.o(.ARM.Collect$$libinit$$00000008)
    .ARM.Collect$$libinit$$0000000A          0x000002f0   Section        0  libinit2.o(.ARM.Collect$$libinit$$0000000A)
    .ARM.Collect$$libinit$$0000000C          0x000002f0   Section        0  libinit2.o(.ARM.Collect$$libinit$$0000000C)
    .ARM.Collect$$libinit$$0000000F          0x000002f0   Section        0  libinit2.o(.ARM.Collect$$libinit$$0000000F)
    .ARM.Collect$$libinit$$00000011          0x000002f0   Section        0  libinit2.o(.ARM.Collect$$libinit$$00000011)
    .ARM.Collect$$libinit$$00000013          0x000002f0   Section        0  libinit2.o(.ARM.Collect$$libinit$$00000013)
    .ARM.Collect$$libinit$$00000015          0x000002f0   Section        0  libinit2.o(.ARM.Collect$$libinit$$00000015)
    .ARM.Collect$$libinit$$00000017          0x000002f0   Section        0  libinit2.o(.ARM.Collect$$libinit$$00000017)
    .ARM.Collect$$libinit$$00000019          0x000002f0   Section        0  libinit2.o(.ARM.Collect$$libinit$$00000019)
    .ARM.Collect$$libinit$$0000001B          0x000002f0   Section        0  libinit2.o(.ARM.Collect$$libinit$$0000001B)
    .ARM.Collect$$libinit$$0000001D          0x000002f0   Section        0  libinit2.o(.ARM.Collect$$libinit$$0000001D)
    .ARM.Collect$$libinit$$0000001F          0x000002f0   Section        0  libinit2.o(.ARM.Collect$$libinit$$0000001F)
    .ARM.Collect$$libinit$$00000021          0x000002f0   Section        0  libinit2.o(.ARM.Collect$$libinit$$00000021)
    .ARM.Collect$$libinit$$00000023          0x000002f0   Section        0  libinit2.o(.ARM.Collect$$libinit$$00000023)
    .ARM.Collect$$libinit$$0000002A          0x000002f0   Section        0  libinit2.o(.ARM.Collect$$libinit$$0000002A)
    .ARM.Collect$$libinit$$0000002C          0x000002f0   Section        0  libinit2.o(.ARM.Collect$$libinit$$0000002C)
    .ARM.Collect$$libinit$$0000002E          0x000002f0   Section        0  libinit2.o(.ARM.Collect$$libinit$$0000002E)
    .ARM.Collect$$libinit$$00000030          0x000002f0   Section        0  libinit2.o(.ARM.Collect$$libinit$$00000030)
    .ARM.Collect$$libinit$$00000031          0x000002f0   Section        2  libinit2.o(.ARM.Collect$$libinit$$00000031)
    .ARM.Collect$$libshutdown$$00000000      0x000002f2   Section        2  libshutdown.o(.ARM.Collect$$libshutdown$$00000000)
    .ARM.Collect$$libshutdown$$00000003      0x000002f4   Section        0  libshutdown2.o(.ARM.Collect$$libshutdown$$00000003)
    .ARM.Collect$$libshutdown$$00000006      0x000002f4   Section        0  libshutdown2.o(.ARM.Collect$$libshutdown$$00000006)
    .ARM.Collect$$libshutdown$$00000009      0x000002f4   Section        0  libshutdown2.o(.ARM.Collect$$libshutdown$$00000009)
    .ARM.Collect$$libshutdown$$0000000B      0x000002f4   Section        0  libshutdown2.o(.ARM.Collect$$libshutdown$$0000000B)
    .ARM.Collect$$libshutdown$$0000000E      0x000002f4   Section        0  libshutdown2.o(.ARM.Collect$$libshutdown$$0000000E)
    .ARM.Collect$$libshutdown$$0000000F      0x000002f4   Section        2  libshutdown2.o(.ARM.Collect$$libshutdown$$0000000F)
    .ARM.Collect$$rtentry$$00000000          0x000002f6   Section        0  rtentry.o(.ARM.Collect$$rtentry$$00000000)
    .ARM.Collect$$rtentry$$00000002          0x000002f6   Section        0  rtentry2.o(.ARM.Collect$$rtentry$$00000002)
    .ARM.Collect$$rtentry$$00000004          0x000002f6   Section        6  rtentry4.o(.ARM.Collect$$rtentry$$00000004)
    .ARM.Collect$$rtentry$$00000009          0x000002fc   Section        0  rtentry2.o(.ARM.Collect$$rtentry$$00000009)
    .ARM.Collect$$rtentry$$0000000A          0x000002fc   Section        4  rtentry2.o(.ARM.Collect$$rtentry$$0000000A)
    .ARM.Collect$$rtentry$$0000000C          0x00000300   Section        0  rtentry2.o(.ARM.Collect$$rtentry$$0000000C)
    .ARM.Collect$$rtentry$$0000000D          0x00000300   Section        8  rtentry2.o(.ARM.Collect$$rtentry$$0000000D)
    .ARM.Collect$$rtexit$$00000000           0x00000308   Section        2  rtexit.o(.ARM.Collect$$rtexit$$00000000)
    .ARM.Collect$$rtexit$$00000002           0x0000030a   Section        0  rtexit2.o(.ARM.Collect$$rtexit$$00000002)
    .ARM.Collect$$rtexit$$00000003           0x0000030a   Section        4  rtexit2.o(.ARM.Collect$$rtexit$$00000003)
    .ARM.Collect$$rtexit$$00000004           0x0000030e   Section        6  rtexit2.o(.ARM.Collect$$rtexit$$00000004)
    .text                                    0x00000314   Section      268  startup_tm4c123.o(.text)
    $v0                                      0x00000314   Number         0  startup_tm4c123.o(.text)
    .text                                    0x00000420   Section        0  delays.o(.text)
    .text                                    0x00000470   Section        0  lcd.o(.text)
    .text                                    0x000006c4   Section        0  keypad.o(.text)
    .text                                    0x000007ec   Section        0  switches.o(.text)
    .text                                    0x00000a6c   Section        0  main.o(.text)
    .text                                    0x00001134   Section        0  noretval__2sprintf.o(.text)
    .text                                    0x0000115c   Section        0  __printf.o(.text)
    .text                                    0x000011c4   Section        0  _printf_dec.o(.text)
    .text                                    0x0000123c   Section        0  heapauxi.o(.text)
    .text                                    0x00001242   Section        0  _printf_intcommon.o(.text)
    .text                                    0x000012fc   Section        0  _printf_char_common.o(.text)
    _printf_input_char                       0x000012fd   Thumb Code    10  _printf_char_common.o(.text)
    .text                                    0x0000132c   Section        0  _sputc.o(.text)
    .text                                    0x00001336   Section       74  sys_stackheap_outer.o(.text)
    .text                                    0x00001380   Section        0  exit.o(.text)
    .text                                    0x0000138c   Section        8  libspace.o(.text)
    .text                                    0x00001394   Section        0  sys_exit.o(.text)
    .text                                    0x000013a0   Section        2  use_no_semi.o(.text)
    .text                                    0x000013a2   Section        0  indicate_semi.o(.text)
    x$fpl$fpinit                             0x000013a2   Section       10  fpinit.o(x$fpl$fpinit)
    $v0                                      0x000013a2   Number         0  fpinit.o(x$fpl$fpinit)
    .data                                    0x20000000   Section       16  keypad.o(.data)
    .data                                    0x20000010   Section       36  main.o(.data)
    .bss                                     0x20000034   Section       96  libspace.o(.bss)
    HEAP                                     0x20000098   Section        0  startup_tm4c123.o(HEAP)
    STACK                                    0x20000098   Section      512  startup_tm4c123.o(STACK)
    Heap_Mem                                 0x20000098   Data           0  startup_tm4c123.o(HEAP)
    Stack_Mem                                0x20000098   Data         512  startup_tm4c123.o(STACK)
    __initial_sp                             0x20000298   Data           0  startup_tm4c123.o(STACK)

    Global Symbols

    Symbol Name                              Value     Ov Type        Size  Object(Section)

    BuildAttributes$$THM_ISAv4$E$P$D$K$B$S$7EM$VFPi3$EXTD16$VFPS$VFMA$PE$A:L22UL41UL21$X:L11$S22US41US21$IEEE1$IW$USESV6$~STKCKD$USESV7$~SHL$OSPACE$ROPI$EBA8$UX$STANDARDLIB$REQ8$PRES8$EABIv2 0x00000000   Number         0  anon$$obj.o ABSOLUTE
    __ARM_use_no_argv                        0x00000000   Number         0  main.o ABSOLUTE
    __Vectors                                0x00000000   Data           4  startup_tm4c123.o(RESET)
    __ARM_exceptions_init                     - Undefined Weak Reference
    __alloca_initialize                       - Undefined Weak Reference
    __cpp_initialize__aeabi_                  - Undefined Weak Reference
    __cxa_finalize                            - Undefined Weak Reference
    __rt_locale                               - Undefined Weak Reference
    __sigvec_lookup                           - Undefined Weak Reference
    _atexit_init                              - Undefined Weak Reference
    _call_atexit_fns                          - Undefined Weak Reference
    _clock_init                               - Undefined Weak Reference
    _fp_trap_init                             - Undefined Weak Reference
    _fp_trap_shutdown                         - Undefined Weak Reference
    _get_lc_collate                           - Undefined Weak Reference
    _get_lc_ctype                             - Undefined Weak Reference
    _get_lc_monetary                          - Undefined Weak Reference
    _get_lc_numeric                           - Undefined Weak Reference
    _get_lc_time                              - Undefined Weak Reference
    _getenv_init                              - Undefined Weak Reference
    _handle_redirection                       - Undefined Weak Reference
    _init_alloc                               - Undefined Weak Reference
    _init_user_alloc                          - Undefined Weak Reference
    _initio                                   - Undefined Weak Reference
    _printf_post_padding                      - Undefined Weak Reference
    _printf_pre_padding                       - Undefined Weak Reference
    _printf_truncate_signed                   - Undefined Weak Reference
    _printf_truncate_unsigned                 - Undefined Weak Reference
    _rand_init                                - Undefined Weak Reference
    _signal_finish                            - Undefined Weak Reference
    _signal_init                              - Undefined Weak Reference
    _terminate_alloc                          - Undefined Weak Reference
    _terminate_user_alloc                     - Undefined Weak Reference
    _terminateio                              - Undefined Weak Reference
    __Vectors_End                            0x0000026c   Data           0  startup_tm4c123.o(RESET)
    __Vectors_Size                           0x0000026c   Number         0  startup_tm4c123.o ABSOLUTE
    __main                                   0x0000026d   Thumb Code     8  __main.o(!!!main)
    __scatterload                            0x00000275   Thumb Code     0  __scatter.o(!!!scatter)
    __scatterload_rt2                        0x00000275   Thumb Code    44  __scatter.o(!!!scatter)
    __scatterload_rt2_thumb_only             0x00000275   Thumb Code     0  __scatter.o(!!!scatter)
    __scatterload_null                       0x00000283   Thumb Code     0  __scatter.o(!!!scatter)
    __scatterload_copy                       0x000002a9   Thumb Code    26  __scatter_copy.o(!!handler_copy)
    __scatterload_zeroinit                   0x000002c5   Thumb Code    28  __scatter_zi.o(!!handler_zi)
    _printf_d                                0x000002e1   Thumb Code     0  _printf_d.o(.ARM.Collect$$_printf_percent$$00000009)
    _printf_percent                          0x000002e1   Thumb Code     0  _printf_percent.o(.ARM.Collect$$_printf_percent$$00000000)
    _printf_percent_end                      0x000002e7   Thumb Code     0  _printf_percent_end.o(.ARM.Collect$$_printf_percent$$00000017)
    __rt_lib_init                            0x000002eb   Thumb Code     0  libinit.o(.ARM.Collect$$libinit$$00000000)
    __rt_lib_init_fp_1                       0x000002ed   Thumb Code     0  libinit2.o(.ARM.Collect$$libinit$$00000001)
    __rt_lib_init_alloca_1                   0x000002f1   Thumb Code     0  libinit2.o(.ARM.Collect$$libinit$$0000002C)
    __rt_lib_init_argv_1                     0x000002f1   Thumb Code     0  libinit2.o(.ARM.Collect$$libinit$$0000002A)
    __rt_lib_init_atexit_1                   0x000002f1   Thumb Code     0  libinit2.o(.ARM.Collect$$libinit$$00000019)
    __rt_lib_init_clock_1                    0x000002f1   Thumb Code     0  libinit2.o(.ARM.Collect$$libinit$$0000001F)
    __rt_lib_init_cpp_1                      0x000002f1   Thumb Code     0  libinit2.o(.ARM.Collect$$libinit$$00000030)
    __rt_lib_init_exceptions_1               0x000002f1   Thumb Code     0  libinit2.o(.ARM.Collect$$libinit$$0000002E)
    __rt_lib_init_fp_trap_1                  0x000002f1   Thumb Code     0  libinit2.o(.ARM.Collect$$libinit$$0000001D)
    __rt_lib_init_getenv_1                   0x000002f1   Thumb Code     0  libinit2.o(.ARM.Collect$$libinit$$00000021)
    __rt_lib_init_heap_1                     0x000002f1   Thumb Code     0  libinit2.o(.ARM.Collect$$libinit$$00000008)
    __rt_lib_init_lc_collate_1               0x000002f1   Thumb Code     0  libinit2.o(.ARM.Collect$$libinit$$0000000F)
    __rt_lib_init_lc_ctype_1                 0x000002f1   Thumb Code     0  libinit2.o(.ARM.Collect$$libinit$$00000011)
    __rt_lib_init_lc_monetary_1              0x000002f1   Thumb Code     0  libinit2.o(.ARM.Collect$$libinit$$00000013)
    __rt_lib_init_lc_numeric_1               0x000002f1   Thumb Code     0  libinit2.o(.ARM.Collect$$libinit$$00000015)
    __rt_lib_init_lc_time_1                  0x000002f1   Thumb Code     0  libinit2.o(.ARM.Collect$$libinit$$00000017)
    __rt_lib_init_rand_1                     0x000002f1   Thumb Code     0  libinit2.o(.ARM.Collect$$libinit$$0000000C)
    __rt_lib_init_return                     0x000002f1   Thumb Code     0  libinit2.o(.ARM.Collect$$libinit$$00000031)
    __rt_lib_init_signal_1                   0x000002f1   Thumb Code     0  libinit2.o(.ARM.Collect$$libinit$$0000001B)
    __rt_lib_init_stdio_1                    0x000002f1   Thumb Code     0  libinit2.o(.ARM.Collect$$libinit$$00000023)
    __rt_lib_init_user_alloc_1               0x000002f1   Thumb Code     0  libinit2.o(.ARM.Collect$$libinit$$0000000A)
    __rt_lib_shutdown                        0x000002f3   Thumb Code     0  libshutdown.o(.ARM.Collect$$libshutdown$$00000000)
    __rt_lib_shutdown_fp_trap_1              0x000002f5   Thumb Code     0  libshutdown2.o(.ARM.Collect$$libshutdown$$00000006)
    __rt_lib_shutdown_heap_1                 0x000002f5   Thumb Code     0  libshutdown2.o(.ARM.Collect$$libshutdown$$0000000E)
    __rt_lib_shutdown_return                 0x000002f5   Thumb Code     0  libshutdown2.o(.ARM.Collect$$libshutdown$$0000000F)
    __rt_lib_shutdown_signal_1               0x000002f5   Thumb Code     0  libshutdown2.o(.ARM.Collect$$libshutdown$$00000009)
    __rt_lib_shutdown_stdio_1                0x000002f5   Thumb Code     0  libshutdown2.o(.ARM.Collect$$libshutdown$$00000003)
    __rt_lib_shutdown_user_alloc_1           0x000002f5   Thumb Code     0  libshutdown2.o(.ARM.Collect$$libshutdown$$0000000B)
    __rt_entry                               0x000002f7   Thumb Code     0  rtentry.o(.ARM.Collect$$rtentry$$00000000)
    __rt_entry_presh_1                       0x000002f7   Thumb Code     0  rtentry2.o(.ARM.Collect$$rtentry$$00000002)
    __rt_entry_sh                            0x000002f7   Thumb Code     0  rtentry4.o(.ARM.Collect$$rtentry$$00000004)
    __rt_entry_li                            0x000002fd   Thumb Code     0  rtentry2.o(.ARM.Collect$$rtentry$$0000000A)
    __rt_entry_postsh_1                      0x000002fd   Thumb Code     0  rtentry2.o(.ARM.Collect$$rtentry$$00000009)
    __rt_entry_main                          0x00000301   Thumb Code     0  rtentry2.o(.ARM.Collect$$rtentry$$0000000D)
    __rt_entry_postli_1                      0x00000301   Thumb Code     0  rtentry2.o(.ARM.Collect$$rtentry$$0000000C)
    __rt_exit                                0x00000309   Thumb Code     0  rtexit.o(.ARM.Collect$$rtexit$$00000000)
    __rt_exit_ls                             0x0000030b   Thumb Code     0  rtexit2.o(.ARM.Collect$$rtexit$$00000003)
    __rt_exit_prels_1                        0x0000030b   Thumb Code     0  rtexit2.o(.ARM.Collect$$rtexit$$00000002)
    __rt_exit_exit                           0x0000030f   Thumb Code     0  rtexit2.o(.ARM.Collect$$rtexit$$00000004)
    Reset_Handler                            0x00000315   Thumb Code     4  startup_tm4c123.o(.text)
    NMI_Handler                              0x00000319   Thumb Code     2  startup_tm4c123.o(.text)
    HardFault_Handler                        0x0000031b   Thumb Code     2  startup_tm4c123.o(.text)
    MemManage_Handler                        0x0000031d   Thumb Code     2  startup_tm4c123.o(.text)
    BusFault_Handler                         0x0000031f   Thumb Code     2  startup_tm4c123.o(.text)
    UsageFault_Handler                       0x00000321   Thumb Code     2  startup_tm4c123.o(.text)
    SVC_Handler                              0x00000323   Thumb Code     2  startup_tm4c123.o(.text)
    DebugMon_Handler                         0x00000325   Thumb Code     2  startup_tm4c123.o(.text)
    PendSV_Handler                           0x00000327   Thumb Code     2  startup_tm4c123.o(.text)
    SysTick_Handler                          0x00000329   Thumb Code     2  startup_tm4c123.o(.text)
    GPIOA_Handler                            0x0000032b   Thumb Code     2  startup_tm4c123.o(.text)
    GPIOB_Handler                            0x0000032d   Thumb Code     2  startup_tm4c123.o(.text)
    GPIOC_Handler                            0x0000032f   Thumb Code     2  startup_tm4c123.o(.text)
    GPIOD_Handler                            0x00000331   Thumb Code     2  startup_tm4c123.o(.text)
    GPIOE_Handler                            0x00000333   Thumb Code     2  startup_tm4c123.o(.text)
    UART0_Handler                            0x00000335   Thumb Code     2  startup_tm4c123.o(.text)
    UART1_Handler                            0x00000337   Thumb Code     2  startup_tm4c123.o(.text)
    SSI0_Handler                             0x00000339   Thumb Code     2  startup_tm4c123.o(.text)
    I2C0_Handler                             0x0000033b   Thumb Code     2  startup_tm4c123.o(.text)
    PMW0_FAULT_Handler                       0x0000033d   Thumb Code     2  startup_tm4c123.o(.text)
    PWM0_0_Handler                           0x0000033f   Thumb Code     2  startup_tm4c123.o(.text)
    PWM0_1_Handler                           0x00000341   Thumb Code     2  startup_tm4c123.o(.text)
    PWM0_2_Handler                           0x00000343   Thumb Code     2  startup_tm4c123.o(.text)
    QEI0_Handler                             0x00000345   Thumb Code     2  startup_tm4c123.o(.text)
    ADC0SS0_Handler                          0x00000347   Thumb Code     2  startup_tm4c123.o(.text)
    ADC0SS1_Handler                          0x00000349   Thumb Code     2  startup_tm4c123.o(.text)
    ADC0SS2_Handler                          0x0000034b   Thumb Code     2  startup_tm4c123.o(.text)
    ADC0SS3_Handler                          0x0000034d   Thumb Code     2  startup_tm4c123.o(.text)
    WDT0_Handler                             0x0000034f   Thumb Code     2  startup_tm4c123.o(.text)
    TIMER0A_Handler                          0x00000351   Thumb Code     2  startup_tm4c123.o(.text)
    TIMER0B_Handler                          0x00000353   Thumb Code     2  startup_tm4c123.o(.text)
    TIMER1A_Handler                          0x00000355   Thumb Code     2  startup_tm4c123.o(.text)
    TIMER1B_Handler                          0x00000357   Thumb Code     2  startup_tm4c123.o(.text)
    TIMER2A_Handler                          0x00000359   Thumb Code     2  startup_tm4c123.o(.text)
    TIMER2B_Handler                          0x0000035b   Thumb Code     2  startup_tm4c123.o(.text)
    COMP0_Handler                            0x0000035d   Thumb Code     2  startup_tm4c123.o(.text)
    COMP1_Handler                            0x0000035f   Thumb Code     2  startup_tm4c123.o(.text)
    COMP2_Handler                            0x00000361   Thumb Code     2  startup_tm4c123.o(.text)
    SYSCTL_Handler                           0x00000363   Thumb Code     2  startup_tm4c123.o(.text)
    FLASH_Handler                            0x00000365   Thumb Code     2  startup_tm4c123.o(.text)
    GPIOF_Handler                            0x00000367   Thumb Code     2  startup_tm4c123.o(.text)
    GPIOG_Handler                            0x00000369   Thumb Code     2  startup_tm4c123.o(.text)
    GPIOH_Handler                            0x0000036b   Thumb Code     2  startup_tm4c123.o(.text)
    UART2_Handler                            0x0000036d   Thumb Code     2  startup_tm4c123.o(.text)
    SSI1_Handler                             0x0000036f   Thumb Code     2  startup_tm4c123.o(.text)
    TIMER3A_Handler                          0x00000371   Thumb Code     2  startup_tm4c123.o(.text)
    TIMER3B_Handler                          0x00000373   Thumb Code     2  startup_tm4c123.o(.text)
    I2C1_Handler                             0x00000375   Thumb Code     2  startup_tm4c123.o(.text)
    QEI1_Handler                             0x00000377   Thumb Code     2  startup_tm4c123.o(.text)
    CAN0_Handler                             0x00000379   Thumb Code     2  startup_tm4c123.o(.text)
    CAN1_Handler                             0x0000037b   Thumb Code     2  startup_tm4c123.o(.text)
    CAN2_Handler                             0x0000037d   Thumb Code     2  startup_tm4c123.o(.text)
    HIB_Handler                              0x0000037f   Thumb Code     2  startup_tm4c123.o(.text)
    USB0_Handler                             0x00000381   Thumb Code     2  startup_tm4c123.o(.text)
    PWM0_3_Handler                           0x00000383   Thumb Code     2  startup_tm4c123.o(.text)
    UDMA_Handler                             0x00000385   Thumb Code     2  startup_tm4c123.o(.text)
    UDMAERR_Handler                          0x00000387   Thumb Code     2  startup_tm4c123.o(.text)
    ADC1SS0_Handler                          0x00000389   Thumb Code     2  startup_tm4c123.o(.text)
    ADC1SS1_Handler                          0x0000038b   Thumb Code     2  startup_tm4c123.o(.text)
    ADC1SS2_Handler                          0x0000038d   Thumb Code     2  startup_tm4c123.o(.text)
    ADC1SS3_Handler                          0x0000038f   Thumb Code     2  startup_tm4c123.o(.text)
    GPIOJ_Handler                            0x00000391   Thumb Code     2  startup_tm4c123.o(.text)
    GPIOK_Handler                            0x00000393   Thumb Code     2  startup_tm4c123.o(.text)
    GPIOL_Handler                            0x00000395   Thumb Code     2  startup_tm4c123.o(.text)
    SSI2_Handler                             0x00000397   Thumb Code     2  startup_tm4c123.o(.text)
    SSI3_Handler                             0x00000399   Thumb Code     2  startup_tm4c123.o(.text)
    UART3_Handler                            0x0000039b   Thumb Code     2  startup_tm4c123.o(.text)
    UART4_Handler                            0x0000039d   Thumb Code     2  startup_tm4c123.o(.text)
    UART5_Handler                            0x0000039f   Thumb Code     2  startup_tm4c123.o(.text)
    UART6_Handler                            0x000003a1   Thumb Code     2  startup_tm4c123.o(.text)
    UART7_Handler                            0x000003a3   Thumb Code     2  startup_tm4c123.o(.text)
    I2C2_Handler                             0x000003a5   Thumb Code     2  startup_tm4c123.o(.text)
    I2C3_Handler                             0x000003a7   Thumb Code     2  startup_tm4c123.o(.text)
    TIMER4A_Handler                          0x000003a9   Thumb Code     2  startup_tm4c123.o(.text)
    TIMER4B_Handler                          0x000003ab   Thumb Code     2  startup_tm4c123.o(.text)
    TIMER5A_Handler                          0x000003ad   Thumb Code     2  startup_tm4c123.o(.text)
    TIMER5B_Handler                          0x000003af   Thumb Code     2  startup_tm4c123.o(.text)
    WTIMER0A_Handler                         0x000003b1   Thumb Code     2  startup_tm4c123.o(.text)
    WTIMER0B_Handler                         0x000003b3   Thumb Code     2  startup_tm4c123.o(.text)
    WTIMER1A_Handler                         0x000003b5   Thumb Code     2  startup_tm4c123.o(.text)
    WTIMER1B_Handler                         0x000003b7   Thumb Code     2  startup_tm4c123.o(.text)
    WTIMER2A_Handler                         0x000003b9   Thumb Code     2  startup_tm4c123.o(.text)
    WTIMER2B_Handler                         0x000003bb   Thumb Code     2  startup_tm4c123.o(.text)
    WTIMER3A_Handler                         0x000003bd   Thumb Code     2  startup_tm4c123.o(.text)
    WTIMER3B_Handler                         0x000003bf   Thumb Code     2  startup_tm4c123.o(.text)
    WTIMER4A_Handler                         0x000003c1   Thumb Code     2  startup_tm4c123.o(.text)
    WTIMER4B_Handler                         0x000003c3   Thumb Code     2  startup_tm4c123.o(.text)
    WTIMER5A_Handler                         0x000003c5   Thumb Code     2  startup_tm4c123.o(.text)
    WTIMER5B_Handler                         0x000003c7   Thumb Code     2  startup_tm4c123.o(.text)
    FPU_Handler                              0x000003c9   Thumb Code     2  startup_tm4c123.o(.text)
    I2C4_Handler                             0x000003cb   Thumb Code     2  startup_tm4c123.o(.text)
    I2C5_Handler                             0x000003cd   Thumb Code     2  startup_tm4c123.o(.text)
    GPIOM_Handler                            0x000003cf   Thumb Code     2  startup_tm4c123.o(.text)
    GPION_Handler                            0x000003d1   Thumb Code     2  startup_tm4c123.o(.text)
    QEI2_Handler                             0x000003d3   Thumb Code     2  startup_tm4c123.o(.text)
    GPIOP0_Handler                           0x000003d5   Thumb Code     2  startup_tm4c123.o(.text)
    GPIOP1_Handler                           0x000003d7   Thumb Code     2  startup_tm4c123.o(.text)
    GPIOP2_Handler                           0x000003d9   Thumb Code     2  startup_tm4c123.o(.text)
    GPIOP3_Handler                           0x000003db   Thumb Code     2  startup_tm4c123.o(.text)
    GPIOP4_Handler                           0x000003dd   Thumb Code     2  startup_tm4c123.o(.text)
    GPIOP5_Handler                           0x000003df   Thumb Code     2  startup_tm4c123.o(.text)
    GPIOP6_Handler                           0x000003e1   Thumb Code     2  startup_tm4c123.o(.text)
    GPIOP7_Handler                           0x000003e3   Thumb Code     2  startup_tm4c123.o(.text)
    GPIOQ0_Handler                           0x000003e5   Thumb Code     2  startup_tm4c123.o(.text)
    GPIOQ1_Handler                           0x000003e7   Thumb Code     2  startup_tm4c123.o(.text)
    GPIOQ2_Handler                           0x000003e9   Thumb Code     2  startup_tm4c123.o(.text)
    GPIOQ3_Handler                           0x000003eb   Thumb Code     2  startup_tm4c123.o(.text)
    GPIOQ4_Handler                           0x000003ed   Thumb Code     2  startup_tm4c123.o(.text)
    GPIOQ5_Handler                           0x000003ef   Thumb Code     2  startup_tm4c123.o(.text)
    GPIOQ6_Handler                           0x000003f1   Thumb Code     2  startup_tm4c123.o(.text)
    GPIOQ7_Handler                           0x000003f3   Thumb Code     2  startup_tm4c123.o(.text)
    GPIOR_Handler                            0x000003f5   Thumb Code     2  startup_tm4c123.o(.text)
    GPIOS_Handler                            0x000003f7   Thumb Code     2  startup_tm4c123.o(.text)
    PMW1_0_Handler                           0x000003f9   Thumb Code     2  startup_tm4c123.o(.text)
    PWM1_1_Handler                           0x000003fb   Thumb Code     2  startup_tm4c123.o(.text)
    PWM1_2_Handler                           0x000003fd   Thumb Code     2  startup_tm4c123.o(.text)
    PWM1_3_Handler                           0x000003ff   Thumb Code     2  startup_tm4c123.o(.text)
    PWM1_FAULT_Handler                       0x00000401   Thumb Code     2  startup_tm4c123.o(.text)
    __user_initial_stackheap                 0x00000405   Thumb Code     0  startup_tm4c123.o(.text)
    SysTick_Init                             0x00000421   Thumb Code    24  delays.o(.text)
    SysTick_hold                             0x00000439   Thumb Code    32  delays.o(.text)
    delayMs                                  0x00000459   Thumb Code    24  delays.o(.text)
    LCD_command                              0x00000471   Thumb Code    42  lcd.o(.text)
    LCD_Write_Char                           0x0000049b   Thumb Code    42  lcd.o(.text)
    PortB_Init                               0x000004c5   Thumb Code    84  lcd.o(.text)
    PortE_Init                               0x00000519   Thumb Code   114  lcd.o(.text)
    LCD_init                                 0x0000058b   Thumb Code    72  lcd.o(.text)
    LCD_String                               0x000005d3   Thumb Code    30  lcd.o(.text)
    LCD_SendString                           0x000005f1   Thumb Code    22  lcd.o(.text)
    LCD_setcursorRowCol                      0x00000607   Thumb Code    36  lcd.o(.text)
    LCD_Clear_screen                         0x0000062b   Thumb Code    16  lcd.o(.text)
    LCD_Display                              0x0000063b   Thumb Code    92  lcd.o(.text)
    keypad_Init                              0x000006c5   Thumb Code   152  keypad.o(.text)
    keypad_getkey                            0x0000075d   Thumb Code   108  keypad.o(.text)
    SW1_Init                                 0x000007ed   Thumb Code   136  switches.o(.text)
    SW2_Init                                 0x00000875   Thumb Code   136  switches.o(.text)
    SW3_Init                                 0x000008fd   Thumb Code   136  switches.o(.text)
    sw_Input                                 0x00000985   Thumb Code    10  switches.o(.text)
    sw3_Input                                0x0000098f   Thumb Code    10  switches.o(.text)
    Buzzer_VInit                             0x00000999   Thumb Code   120  switches.o(.text)
    Buzzer_ON                                0x00000a11   Thumb Code    18  switches.o(.text)
    Buzzer_OFF                               0x00000a23   Thumb Code    18  switches.o(.text)
    Buzzer_TOGGLE                            0x00000a35   Thumb Code    18  switches.o(.text)
    RGB_Init                                 0x00000a6d   Thumb Code   136  main.o(.text)
    RGB_Output                               0x00000af5   Thumb Code    30  main.o(.text)
    Blink                                    0x00000b13   Thumb Code    32  main.o(.text)
    start_reading                            0x00000b33   Thumb Code   150  main.o(.text)
    countdown                                0x00000bc9   Thumb Code   138  main.o(.text)
    beef_cooking                             0x00000c53   Thumb Code   134  main.o(.text)
    chicken_cooking                          0x00000cd9   Thumb Code   134  main.o(.text)
    cooking_time                             0x00000d5f   Thumb Code   494  main.o(.text)
    init                                     0x00000f4d   Thumb Code     2  main.o(.text)
    main                                     0x00000f4f   Thumb Code   414  main.o(.text)
    __2sprintf                               0x00001135   Thumb Code    34  noretval__2sprintf.o(.text)
    __printf                                 0x0000115d   Thumb Code   104  __printf.o(.text)
    _printf_int_dec                          0x000011c5   Thumb Code   102  _printf_dec.o(.text)
    __use_two_region_memory                  0x0000123d   Thumb Code     2  heapauxi.o(.text)
    __rt_heap_escrow$2region                 0x0000123f   Thumb Code     2  heapauxi.o(.text)
    __rt_heap_expand$2region                 0x00001241   Thumb Code     2  heapauxi.o(.text)
    _printf_int_common                       0x00001243   Thumb Code   184  _printf_intcommon.o(.text)
    _printf_char_common                      0x00001307   Thumb Code    32  _printf_char_common.o(.text)
    _sputc                                   0x0000132d   Thumb Code    10  _sputc.o(.text)
    __user_setup_stackheap                   0x00001337   Thumb Code    74  sys_stackheap_outer.o(.text)
    exit                                     0x00001381   Thumb Code    12  exit.o(.text)
    __user_libspace                          0x0000138d   Thumb Code     8  libspace.o(.text)
    __user_perproc_libspace                  0x0000138d   Thumb Code     0  libspace.o(.text)
    __user_perthread_libspace                0x0000138d   Thumb Code     0  libspace.o(.text)
    _sys_exit                                0x00001395   Thumb Code     8  sys_exit.o(.text)
    __I$use$semihosting                      0x000013a1   Thumb Code     0  use_no_semi.o(.text)
    __use_no_semihosting_swi                 0x000013a1   Thumb Code     2  use_no_semi.o(.text)
    __semihosting_library_function           0x000013a3   Thumb Code     0  indicate_semi.o(.text)
    _fp_init                                 0x000013a3   Thumb Code    10  fpinit.o(x$fpl$fpinit)
    __fplib_config_fpu_vfp                   0x000013ab   Thumb Code     0  fpinit.o(x$fpl$fpinit)
    __fplib_config_pureend_doubles           0x000013ab   Thumb Code     0  fpinit.o(x$fpl$fpinit)
    Region$$Table$$Base                      0x000013ac   Number         0  anon$$obj.o(Region$$Table)
    Region$$Table$$Limit                     0x000013cc   Number         0  anon$$obj.o(Region$$Table)
    symbol                                   0x20000000   Data          16  keypad.o(.data)
    mystate                                  0x20000010   Data           1  main.o(.data)
    button_in                                0x20000011   Data           1  main.o(.data)
    door_button                              0x20000012   Data           1  main.o(.data)
    key                                      0x20000013   Data           1  main.o(.data)
    weight                                   0x20000014   Data           1  main.o(.data)
    seconds                                  0x20000018   Data           4  main.o(.data)
    minutes                                  0x2000001c   Data           4  main.o(.data)
    c                                        0x20000020   Data           1  main.o(.data)
    min                                      0x20000024   Data           4  main.o(.data)
    sec                                      0x20000028   Data           4  main.o(.data)
    i                                        0x2000002c   Data           1  main.o(.data)
    f                                        0x20000030   Data           4  main.o(.data)
    __libspace_start                         0x20000034   Data          96  libspace.o(.bss)
    __temporary_stack_top$libspace           0x20000094   Data           0  libspace.o(.bss)



==============================================================================

Memory Map of the image

  Image Entry point : 0x00000315

  Load Region LR_1 (Base: 0x00000000, Size: 0x00001400, Max: 0xffffffff, ABSOLUTE)

    Execution Region ER_RO (Base: 0x00000000, Size: 0x000013cc, Max: 0xffffffff, ABSOLUTE)

    Base Addr    Size         Type   Attr      Idx    E Section Name        Object

    0x00000000   0x0000026c   Data   RO            3    RESET               startup_tm4c123.o
    0x0000026c   0x00000008   Code   RO          191  * !!!main             c_w.l(__main.o)
    0x00000274   0x00000034   Code   RO          354    !!!scatter          c_w.l(__scatter.o)
    0x000002a8   0x0000001a   Code   RO          356    !!handler_copy      c_w.l(__scatter_copy.o)
    0x000002c2   0x00000002   PAD
    0x000002c4   0x0000001c   Code   RO          358    !!handler_zi        c_w.l(__scatter_zi.o)
    0x000002e0   0x00000000   Code   RO          188    .ARM.Collect$$_printf_percent$$00000000  c_w.l(_printf_percent.o)
    0x000002e0   0x00000006   Code   RO          187    .ARM.Collect$$_printf_percent$$00000009  c_w.l(_printf_d.o)
    0x000002e6   0x00000004   Code   RO          200    .ARM.Collect$$_printf_percent$$00000017  c_w.l(_printf_percent_end.o)
    0x000002ea   0x00000002   Code   RO          227    .ARM.Collect$$libinit$$00000000  c_w.l(libinit.o)
    0x000002ec   0x00000004   Code   RO          233    .ARM.Collect$$libinit$$00000001  c_w.l(libinit2.o)
    0x000002f0   0x00000000   Code   RO          237    .ARM.Collect$$libinit$$00000008  c_w.l(libinit2.o)
    0x000002f0   0x00000000   Code   RO          239    .ARM.Collect$$libinit$$0000000A  c_w.l(libinit2.o)
    0x000002f0   0x00000000   Code   RO          241    .ARM.Collect$$libinit$$0000000C  c_w.l(libinit2.o)
    0x000002f0   0x00000000   Code   RO          244    .ARM.Collect$$libinit$$0000000F  c_w.l(libinit2.o)
    0x000002f0   0x00000000   Code   RO          246    .ARM.Collect$$libinit$$00000011  c_w.l(libinit2.o)
    0x000002f0   0x00000000   Code   RO          248    .ARM.Collect$$libinit$$00000013  c_w.l(libinit2.o)
    0x000002f0   0x00000000   Code   RO          250    .ARM.Collect$$libinit$$00000015  c_w.l(libinit2.o)
    0x000002f0   0x00000000   Code   RO          252    .ARM.Collect$$libinit$$00000017  c_w.l(libinit2.o)
    0x000002f0   0x00000000   Code   RO          254    .ARM.Collect$$libinit$$00000019  c_w.l(libinit2.o)
    0x000002f0   0x00000000   Code   RO          256    .ARM.Collect$$libinit$$0000001B  c_w.l(libinit2.o)
    0x000002f0   0x00000000   Code   RO          258    .ARM.Collect$$libinit$$0000001D  c_w.l(libinit2.o)
    0x000002f0   0x00000000   Code   RO          260    .ARM.Collect$$libinit$$0000001F  c_w.l(libinit2.o)
    0x000002f0   0x00000000   Code   RO          262    .ARM.Collect$$libinit$$00000021  c_w.l(libinit2.o)
    0x000002f0   0x00000000   Code   RO          264    .ARM.Collect$$libinit$$00000023  c_w.l(libinit2.o)
    0x000002f0   0x00000000   Code   RO          268    .ARM.Collect$$libinit$$0000002A  c_w.l(libinit2.o)
    0x000002f0   0x00000000   Code   RO          270    .ARM.Collect$$libinit$$0000002C  c_w.l(libinit2.o)
    0x000002f0   0x00000000   Code   RO          272    .ARM.Collect$$libinit$$0000002E  c_w.l(libinit2.o)
    0x000002f0   0x00000000   Code   RO          274    .ARM.Collect$$libinit$$00000030  c_w.l(libinit2.o)
    0x000002f0   0x00000002   Code   RO          275    .ARM.Collect$$libinit$$00000031  c_w.l(libinit2.o)
    0x000002f2   0x00000002   Code   RO          295    .ARM.Collect$$libshutdown$$00000000  c_w.l(libshutdown.o)
    0x000002f4   0x00000000   Code   RO          309    .ARM.Collect$$libshutdown$$00000003  c_w.l(libshutdown2.o)
    0x000002f4   0x00000000   Code   RO          312    .ARM.Collect$$libshutdown$$00000006  c_w.l(libshutdown2.o)
    0x000002f4   0x00000000   Code   RO          315    .ARM.Collect$$libshutdown$$00000009  c_w.l(libshutdown2.o)
    0x000002f4   0x00000000   Code   RO          317    .ARM.Collect$$libshutdown$$0000000B  c_w.l(libshutdown2.o)
    0x000002f4   0x00000000   Code   RO          320    .ARM.Collect$$libshutdown$$0000000E  c_w.l(libshutdown2.o)
    0x000002f4   0x00000002   Code   RO          321    .ARM.Collect$$libshutdown$$0000000F  c_w.l(libshutdown2.o)
    0x000002f6   0x00000000   Code   RO          193    .ARM.Collect$$rtentry$$00000000  c_w.l(rtentry.o)
    0x000002f6   0x00000000   Code   RO          202    .ARM.Collect$$rtentry$$00000002  c_w.l(rtentry2.o)
    0x000002f6   0x00000006   Code   RO          214    .ARM.Collect$$rtentry$$00000004  c_w.l(rtentry4.o)
    0x000002fc   0x00000000   Code   RO          204    .ARM.Collect$$rtentry$$00000009  c_w.l(rtentry2.o)
    0x000002fc   0x00000004   Code   RO          205    .ARM.Collect$$rtentry$$0000000A  c_w.l(rtentry2.o)
    0x00000300   0x00000000   Code   RO          207    .ARM.Collect$$rtentry$$0000000C  c_w.l(rtentry2.o)
    0x00000300   0x00000008   Code   RO          208    .ARM.Collect$$rtentry$$0000000D  c_w.l(rtentry2.o)
    0x00000308   0x00000002   Code   RO          231    .ARM.Collect$$rtexit$$00000000  c_w.l(rtexit.o)
    0x0000030a   0x00000000   Code   RO          277    .ARM.Collect$$rtexit$$00000002  c_w.l(rtexit2.o)
    0x0000030a   0x00000004   Code   RO          278    .ARM.Collect$$rtexit$$00000003  c_w.l(rtexit2.o)
    0x0000030e   0x00000006   Code   RO          279    .ARM.Collect$$rtexit$$00000004  c_w.l(rtexit2.o)
    0x00000314   0x0000010c   Code   RO            4  * .text               startup_tm4c123.o
    0x00000420   0x00000050   Code   RO           10    .text               delays.o
    0x00000470   0x00000254   Code   RO           23    .text               lcd.o
    0x000006c4   0x00000128   Code   RO           51    .text               keypad.o
    0x000007ec   0x00000280   Code   RO           71    .text               switches.o
    0x00000a6c   0x000006c8   Code   RO          117    .text               main.o
    0x00001134   0x00000028   Code   RO          161    .text               c_w.l(noretval__2sprintf.o)
    0x0000115c   0x00000068   Code   RO          163    .text               c_w.l(__printf.o)
    0x000011c4   0x00000078   Code   RO          165    .text               c_w.l(_printf_dec.o)
    0x0000123c   0x00000006   Code   RO          189    .text               c_w.l(heapauxi.o)
    0x00001242   0x000000b8   Code   RO          194    .text               c_w.l(_printf_intcommon.o)
    0x000012fa   0x00000002   PAD
    0x000012fc   0x00000030   Code   RO          196    .text               c_w.l(_printf_char_common.o)
    0x0000132c   0x0000000a   Code   RO          198    .text               c_w.l(_sputc.o)
    0x00001336   0x0000004a   Code   RO          218    .text               c_w.l(sys_stackheap_outer.o)
    0x00001380   0x0000000c   Code   RO          220    .text               c_w.l(exit.o)
    0x0000138c   0x00000008   Code   RO          228    .text               c_w.l(libspace.o)
    0x00001394   0x0000000c   Code   RO          287    .text               c_w.l(sys_exit.o)
    0x000013a0   0x00000002   Code   RO          298    .text               c_w.l(use_no_semi.o)
    0x000013a2   0x00000000   Code   RO          300    .text               c_w.l(indicate_semi.o)
    0x000013a2   0x0000000a   Code   RO          285    x$fpl$fpinit        fz_wm.l(fpinit.o)
    0x000013ac   0x00000020   Data   RO          352    Region$$Table       anon$$obj.o


    Execution Region ER_RW (Base: 0x20000000, Size: 0x00000034, Max: 0xffffffff, ABSOLUTE)

    Base Addr    Size         Type   Attr      Idx    E Section Name        Object

    0x20000000   0x00000010   Data   RW           52    .data               keypad.o
    0x20000010   0x00000024   Data   RW          118    .data               main.o


    Execution Region ER_ZI (Base: 0x20000034, Size: 0x00000264, Max: 0xffffffff, ABSOLUTE)

    Base Addr    Size         Type   Attr      Idx    E Section Name        Object

    0x20000034   0x00000060   Zero   RW          229    .bss                c_w.l(libspace.o)
    0x20000094   0x00000004   PAD
    0x20000098   0x00000000   Zero   RW            2    HEAP                startup_tm4c123.o
    0x20000098   0x00000200   Zero   RW            1    STACK               startup_tm4c123.o


==============================================================================

Image component sizes


      Code (inc. data)   RO Data    RW Data    ZI Data      Debug   Object Name

        80          0          0          0          0       2376   delays.o
       296         36          0         16          0       1229   keypad.o
       596         46          0          0          0       2219   lcd.o
      1736        194          0         36          0       4313   main.o
       268         20        620          0        512       5388   startup_tm4c123.o
       640         38          0          0          0       4180   switches.o

    ----------------------------------------------------------------------
      3616        334        652         52        512      19705   Object Totals
         0          0         32          0          0          0   (incl. Generated)
         0          0          0          0          0          0   (incl. Padding)

    ----------------------------------------------------------------------

      Code (inc. data)   RO Data    RW Data    ZI Data      Debug   Library Member Name

         8          0          0          0          0         68   __main.o
       104          0          0          0          0         84   __printf.o
        52          8          0          0          0          0   __scatter.o
        26          0          0          0          0          0   __scatter_copy.o
        28          0          0          0          0          0   __scatter_zi.o
        48          6          0          0          0         96   _printf_char_common.o
         6          0          0          0          0          0   _printf_d.o
       120         18          0          0          0         92   _printf_dec.o
       184          0          0          0          0         88   _printf_intcommon.o
         0          0          0          0          0          0   _printf_percent.o
         4          0          0          0          0          0   _printf_percent_end.o
        10          0          0          0          0         68   _sputc.o
        12          0          0          0          0         72   exit.o
         6          0          0          0          0        152   heapauxi.o
         0          0          0          0          0          0   indicate_semi.o
         2          0          0          0          0          0   libinit.o
         6          0          0          0          0          0   libinit2.o
         2          0          0          0          0          0   libshutdown.o
         2          0          0          0          0          0   libshutdown2.o
         8          4          0          0         96         68   libspace.o
        40          6          0          0          0         84   noretval__2sprintf.o
         0          0          0          0          0          0   rtentry.o
        12          0          0          0          0          0   rtentry2.o
         6          0          0          0          0          0   rtentry4.o
         2          0          0          0          0          0   rtexit.o
        10          0          0          0          0          0   rtexit2.o
        12          4          0          0          0         68   sys_exit.o
        74          0          0          0          0         80   sys_stackheap_outer.o
         2          0          0          0          0         68   use_no_semi.o
        10          0          0          0          0        116   fpinit.o

    ----------------------------------------------------------------------
       800         46          0          0        100       1204   Library Totals
         4          0          0          0          4          0   (incl. Padding)

    ----------------------------------------------------------------------

      Code (inc. data)   RO Data    RW Data    ZI Data      Debug   Library Name

       786         46          0          0         96       1088   c_w.l
        10          0          0          0          0        116   fz_wm.l

    ----------------------------------------------------------------------
       800         46          0          0        100       1204   Library Totals

    ----------------------------------------------------------------------

==============================================================================


      Code (inc. data)   RO Data    RW Data    ZI Data      Debug   

      4416        380        652         52        612      19537   Grand Totals
      4416        380        652         52        612      19537   ELF Image Totals
      4416        380        652         52          0          0   ROM Totals

==============================================================================

    Total RO  Size (Code + RO Data)                 5068 (   4.95kB)
    Total RW  Size (RW Data + ZI Data)               664 (   0.65kB)
    Total ROM Size (Code + RO Data + RW Data)       5120 (   5.00kB)

==============================================================================

