ARM Linker, 5.03 [Build 76] [MDK-ARM Lite]

==============================================================================

Section Cross References

    startup_tm4c123.o(STACK) refers (Special) to heapauxi.o(.text) for __use_two_region_memory
    startup_tm4c123.o(HEAP) refers (Special) to heapauxi.o(.text) for __use_two_region_memory
    startup_tm4c123.o(RESET) refers (Special) to heapauxi.o(.text) for __use_two_region_memory
    startup_tm4c123.o(RESET) refers to startup_tm4c123.o(STACK) for __initial_sp
    startup_tm4c123.o(RESET) refers to startup_tm4c123.o(.text) for Reset_Handler
    startup_tm4c123.o(.text) refers (Special) to heapauxi.o(.text) for __use_two_region_memory
    startup_tm4c123.o(.text) refers to __main.o(!!!main) for __main
    startup_tm4c123.o(.text) refers to startup_tm4c123.o(HEAP) for Heap_Mem
    startup_tm4c123.o(.text) refers to startup_tm4c123.o(STACK) for Stack_Mem
    lcd.o(.text) refers to _printf_percent.o(.ARM.Collect$$_printf_percent$$00000000) for _printf_percent
    lcd.o(.text) refers to _printf_d.o(.ARM.Collect$$_printf_percent$$00000009) for _printf_d
    lcd.o(.text) refers to _printf_dec.o(.text) for _printf_int_dec
    lcd.o(.text) refers to delays.o(.text) for delayMs
    lcd.o(.text) refers to noretval__2sprintf.o(.text) for __2sprintf
    keypad.o(.text) refers to delays.o(.text) for delayMs
    keypad.o(.text) refers to keypad.o(.data) for symbol
    main.o(.text) refers to lcd.o(.text) for LCD_Display
    main.o(.text) refers to delays.o(.text) for delayMs
    main.o(.text) refers to switches.o(.text) for sw3_Input
    main.o(.text) refers to keypad.o(.text) for keypad_Init
    main.o(.text) refers to main.o(.data) for minutes
    __2sprintf.o(.text) refers to _printf_char_common.o(.text) for _printf_char_common
    __2sprintf.o(.text) refers to _sputc.o(.text) for _sputc
    noretval__2sprintf.o(.text) refers to _printf_char_common.o(.text) for _printf_char_common
    noretval__2sprintf.o(.text) refers to _sputc.o(.text) for _sputc
    __printf.o(.text) refers to _printf_percent.o(.ARM.Collect$$_printf_percent$$00000000) for _printf_percent
    _printf_dec.o(.text) refers to _printf_intcommon.o(.text) for _printf_int_common
    __printf_flags.o(.text) refers to _printf_percent.o(.ARM.Collect$$_printf_percent$$00000000) for _printf_percent
    __printf_flags.o(.text) refers to __printf_flags.o(.constdata) for .constdata
    __printf_ss.o(.text) refers to _printf_percent.o(.ARM.Collect$$_printf_percent$$00000000) for _printf_percent
    __printf_flags_ss.o(.text) refers to _printf_percent.o(.ARM.Collect$$_printf_percent$$00000000) for _printf_percent
    __printf_flags_ss.o(.text) refers to __printf_flags_ss.o(.constdata) for .constdata
    __printf_wp.o(.text) refers to __printf_wp.o(i._is_digit) for _is_digit
    __printf_wp.o(.text) refers to _printf_percent.o(.ARM.Collect$$_printf_percent$$00000000) for _printf_percent
    __printf_flags_wp.o(.text) refers to __printf_wp.o(i._is_digit) for _is_digit
    __printf_flags_wp.o(.text) refers to _printf_percent.o(.ARM.Collect$$_printf_percent$$00000000) for _printf_percent
    __printf_flags_wp.o(.text) refers to __printf_flags_wp.o(.constdata) for .constdata
    __printf_ss_wp.o(.text) refers to __printf_wp.o(i._is_digit) for _is_digit
    __printf_ss_wp.o(.text) refers to _printf_percent.o(.ARM.Collect$$_printf_percent$$00000000) for _printf_percent
    __printf_flags_ss_wp.o(.text) refers to __printf_wp.o(i._is_digit) for _is_digit
    __printf_flags_ss_wp.o(.text) refers to _printf_percent.o(.ARM.Collect$$_printf_percent$$00000000) for _printf_percent
    __printf_flags_ss_wp.o(.text) refers to __printf_flags_ss_wp.o(.constdata) for .constdata
    _printf_d.o(.ARM.Collect$$_printf_percent$$00000009) refers (Weak) to _printf_dec.o(.text) for _printf_int_dec
    _printf_percent.o(.ARM.Collect$$_printf_percent$$00000000) refers (Special) to _printf_percent_end.o(.ARM.Collect$$_printf_percent$$00000017) for _printf_percent_end
    __main.o(!!!main) refers to rtentry.o(.ARM.Collect$$rtentry$$00000000) for __rt_entry
    rtentry.o(.ARM.Collect$$rtentry$$00000000) refers (Special) to rtentry2.o(.ARM.Collect$$rtentry$$0000000A) for __rt_entry_li
    rtentry.o(.ARM.Collect$$rtentry$$00000000) refers (Special) to rtentry2.o(.ARM.Collect$$rtentry$$0000000D) for __rt_entry_main
    rtentry.o(.ARM.Collect$$rtentry$$00000000) refers (Special) to rtentry2.o(.ARM.Collect$$rtentry$$0000000C) for __rt_entry_postli_1
    rtentry.o(.ARM.Collect$$rtentry$$00000000) refers (Special) to rtentry2.o(.ARM.Collect$$rtentry$$00000009) for __rt_entry_postsh_1
    rtentry.o(.ARM.Collect$$rtentry$$00000000) refers (Special) to rtentry2.o(.ARM.Collect$$rtentry$$00000002) for __rt_entry_presh_1
    rtentry.o(.ARM.Collect$$rtentry$$00000000) refers (Special) to rtentry4.o(.ARM.Collect$$rtentry$$00000004) for __rt_entry_sh
    _printf_char_common.o(.text) refers to __printf.o(.text) for __printf
    rtentry2.o(.ARM.Collect$$rtentry$$00000008) refers to boardinit2.o(.text) for _platform_post_stackheap_init
    rtentry2.o(.ARM.Collect$$rtentry$$0000000A) refers to libinit.o(.ARM.Collect$$libinit$$00000000) for __rt_lib_init
    rtentry2.o(.ARM.Collect$$rtentry$$0000000B) refers to boardinit3.o(.text) for _platform_post_lib_init
    rtentry2.o(.ARM.Collect$$rtentry$$0000000D) refers to main.o(.text) for main
    rtentry2.o(.ARM.Collect$$rtentry$$0000000D) refers to exit.o(.text) for exit
    rtentry2.o(.ARM.exidx) refers to rtentry2.o(.ARM.Collect$$rtentry$$00000001) for .ARM.Collect$$rtentry$$00000001
    rtentry2.o(.ARM.exidx) refers to rtentry2.o(.ARM.Collect$$rtentry$$00000008) for .ARM.Collect$$rtentry$$00000008
    rtentry2.o(.ARM.exidx) refers to rtentry2.o(.ARM.Collect$$rtentry$$0000000A) for .ARM.Collect$$rtentry$$0000000A
    rtentry2.o(.ARM.exidx) refers to rtentry2.o(.ARM.Collect$$rtentry$$0000000B) for .ARM.Collect$$rtentry$$0000000B
    rtentry2.o(.ARM.exidx) refers to rtentry2.o(.ARM.Collect$$rtentry$$0000000D) for .ARM.Collect$$rtentry$$0000000D
    rtentry4.o(.ARM.Collect$$rtentry$$00000004) refers to sys_stackheap_outer.o(.text) for __user_setup_stackheap
    rtentry4.o(.ARM.exidx) refers to rtentry4.o(.ARM.Collect$$rtentry$$00000004) for .ARM.Collect$$rtentry$$00000004
    sys_stackheap_outer.o(.text) refers to libspace.o(.text) for __user_perproc_libspace
    sys_stackheap_outer.o(.text) refers to startup_tm4c123.o(.text) for __user_initial_stackheap
    exit.o(.text) refers to rtexit.o(.ARM.Collect$$rtexit$$00000000) for __rt_exit
    libinit.o(.ARM.Collect$$libinit$$00000000) refers (Special) to libinit2.o(.ARM.Collect$$libinit$$0000002C) for __rt_lib_init_alloca_1
    libinit.o(.ARM.Collect$$libinit$$00000000) refers (Special) to libinit2.o(.ARM.Collect$$libinit$$0000002A) for __rt_lib_init_argv_1
    libinit.o(.ARM.Collect$$libinit$$00000000) refers (Special) to libinit2.o(.ARM.Collect$$libinit$$00000019) for __rt_lib_init_atexit_1
    libinit.o(.ARM.Collect$$libinit$$00000000) refers (Special) to libinit2.o(.ARM.Collect$$libinit$$0000001F) for __rt_lib_init_clock_1
    libinit.o(.ARM.Collect$$libinit$$00000000) refers (Special) to libinit2.o(.ARM.Collect$$libinit$$00000030) for __rt_lib_init_cpp_1
    libinit.o(.ARM.Collect$$libinit$$00000000) refers (Special) to libinit2.o(.ARM.Collect$$libinit$$0000002E) for __rt_lib_init_exceptions_1
    libinit.o(.ARM.Collect$$libinit$$00000000) refers (Special) to libinit2.o(.ARM.Collect$$libinit$$00000001) for __rt_lib_init_fp_1
    libinit.o(.ARM.Collect$$libinit$$00000000) refers (Special) to libinit2.o(.ARM.Collect$$libinit$$0000001D) for __rt_lib_init_fp_trap_1
    libinit.o(.ARM.Collect$$libinit$$00000000) refers (Special) to libinit2.o(.ARM.Collect$$libinit$$00000021) for __rt_lib_init_getenv_1
    libinit.o(.ARM.Collect$$libinit$$00000000) refers (Special) to libinit2.o(.ARM.Collect$$libinit$$00000008) for __rt_lib_init_heap_1
    libinit.o(.ARM.Collect$$libinit$$00000000) refers (Special) to libinit2.o(.ARM.Collect$$libinit$$0000000F) for __rt_lib_init_lc_collate_1
    libinit.o(.ARM.Collect$$libinit$$00000000) refers (Special) to libinit2.o(.ARM.Collect$$libinit$$00000011) for __rt_lib_init_lc_ctype_1
    libinit.o(.ARM.Collect$$libinit$$00000000) refers (Special) to libinit2.o(.ARM.Collect$$libinit$$00000013) for __rt_lib_init_lc_monetary_1
    libinit.o(.ARM.Collect$$libinit$$00000000) refers (Special) to libinit2.o(.ARM.Collect$$libinit$$00000015) for __rt_lib_init_lc_numeric_1
    libinit.o(.ARM.Collect$$libinit$$00000000) refers (Special) to libinit2.o(.ARM.Collect$$libinit$$00000017) for __rt_lib_init_lc_time_1
    libinit.o(.ARM.Collect$$libinit$$00000000) refers (Special) to libinit2.o(.ARM.Collect$$libinit$$0000000C) for __rt_lib_init_rand_1
    libinit.o(.ARM.Collect$$libinit$$00000000) refers (Special) to libinit2.o(.ARM.Collect$$libinit$$00000031) for __rt_lib_init_return
    libinit.o(.ARM.Collect$$libinit$$00000000) refers (Special) to libinit2.o(.ARM.Collect$$libinit$$0000001B) for __rt_lib_init_signal_1
    libinit.o(.ARM.Collect$$libinit$$00000000) refers (Special) to libinit2.o(.ARM.Collect$$libinit$$00000023) for __rt_lib_init_stdio_1
    libinit.o(.ARM.Collect$$libinit$$00000000) refers (Special) to libinit2.o(.ARM.Collect$$libinit$$0000000A) for __rt_lib_init_user_alloc_1
    libspace.o(.text) refers to libspace.o(.bss) for __libspace_start
    rtexit.o(.ARM.Collect$$rtexit$$00000000) refers (Special) to rtexit2.o(.ARM.Collect$$rtexit$$00000004) for __rt_exit_exit
    rtexit.o(.ARM.Collect$$rtexit$$00000000) refers (Special) to rtexit2.o(.ARM.Collect$$rtexit$$00000003) for __rt_exit_ls
    rtexit.o(.ARM.Collect$$rtexit$$00000000) refers (Special) to rtexit2.o(.ARM.Collect$$rtexit$$00000002) for __rt_exit_prels_1
    rtexit.o(.ARM.exidx) refers (Special) to rtexit2.o(.ARM.Collect$$rtexit$$00000004) for __rt_exit_exit
    rtexit.o(.ARM.exidx) refers (Special) to rtexit2.o(.ARM.Collect$$rtexit$$00000003) for __rt_exit_ls
    rtexit.o(.ARM.exidx) refers (Special) to rtexit2.o(.ARM.Collect$$rtexit$$00000002) for __rt_exit_prels_1
    rtexit.o(.ARM.exidx) refers to rtexit.o(.ARM.Collect$$rtexit$$00000000) for .ARM.Collect$$rtexit$$00000000
    libinit2.o(.ARM.Collect$$libinit$$00000001) refers to fpinit.o(x$fpl$fpinit) for _fp_init
    libinit2.o(.ARM.Collect$$libinit$$0000000E) refers to libinit2.o(.ARM.Collect$$libinit$$0000000D) for .ARM.Collect$$libinit$$0000000D
    libinit2.o(.ARM.Collect$$libinit$$00000010) refers to libinit2.o(.ARM.Collect$$libinit$$0000000D) for .ARM.Collect$$libinit$$0000000D
    libinit2.o(.ARM.Collect$$libinit$$00000012) refers to libinit2.o(.ARM.Collect$$libinit$$0000000D) for .ARM.Collect$$libinit$$0000000D
    libinit2.o(.ARM.Collect$$libinit$$00000014) refers to libinit2.o(.ARM.Collect$$libinit$$0000000D) for .ARM.Collect$$libinit$$0000000D
    libinit2.o(.ARM.Collect$$libinit$$00000016) refers to libinit2.o(.ARM.Collect$$libinit$$0000000D) for .ARM.Collect$$libinit$$0000000D
    libinit2.o(.ARM.Collect$$libinit$$00000024) refers to argv_veneer.o(.emb_text) for __ARM_argv_veneer
    libinit2.o(.ARM.Collect$$libinit$$00000025) refers to argv_veneer.o(.emb_text) for __ARM_argv_veneer
    rtexit2.o(.ARM.Collect$$rtexit$$00000003) refers to libshutdown.o(.ARM.Collect$$libshutdown$$00000000) for __rt_lib_shutdown
    rtexit2.o(.ARM.Collect$$rtexit$$00000004) refers to sys_exit.o(.text) for _sys_exit
    rtexit2.o(.ARM.exidx) refers to rtexit2.o(.ARM.Collect$$rtexit$$00000001) for .ARM.Collect$$rtexit$$00000001
    rtexit2.o(.ARM.exidx) refers to rtexit2.o(.ARM.Collect$$rtexit$$00000003) for .ARM.Collect$$rtexit$$00000003
    rtexit2.o(.ARM.exidx) refers to rtexit2.o(.ARM.Collect$$rtexit$$00000004) for .ARM.Collect$$rtexit$$00000004
    argv_veneer.o(.emb_text) refers to no_argv.o(.text) for __ARM_get_argv
    sys_exit.o(.text) refers (Special) to use_no_semi.o(.text) for __I$use$semihosting
    sys_exit.o(.text) refers (Special) to indicate_semi.o(.text) for __semihosting_library_function
    _get_argv_nomalloc.o(.text) refers (Special) to hrguard.o(.text) for __heap_region$guard
    _get_argv_nomalloc.o(.text) refers to defsig_rtmem_outer.o(.text) for __rt_SIGRTMEM
    _get_argv_nomalloc.o(.text) refers to sys_command.o(.text) for _sys_command_string
    libshutdown.o(.ARM.Collect$$libshutdown$$00000000) refers (Special) to libshutdown2.o(.ARM.Collect$$libshutdown$$00000006) for __rt_lib_shutdown_fp_trap_1
    libshutdown.o(.ARM.Collect$$libshutdown$$00000000) refers (Special) to libshutdown2.o(.ARM.Collect$$libshutdown$$0000000E) for __rt_lib_shutdown_heap_1
    libshutdown.o(.ARM.Collect$$libshutdown$$00000000) refers (Special) to libshutdown2.o(.ARM.Collect$$libshutdown$$0000000F) for __rt_lib_shutdown_return
    libshutdown.o(.ARM.Collect$$libshutdown$$00000000) refers (Special) to libshutdown2.o(.ARM.Collect$$libshutdown$$00000009) for __rt_lib_shutdown_signal_1
    libshutdown.o(.ARM.Collect$$libshutdown$$00000000) refers (Special) to libshutdown2.o(.ARM.Collect$$libshutdown$$00000003) for __rt_lib_shutdown_stdio_1
    libshutdown.o(.ARM.Collect$$libshutdown$$00000000) refers (Special) to libshutdown2.o(.ARM.Collect$$libshutdown$$0000000B) for __rt_lib_shutdown_user_alloc_1
    sys_command.o(.text) refers (Special) to use_no_semi.o(.text) for __I$use$semihosting
    sys_command.o(.text) refers (Special) to indicate_semi.o(.text) for __semihosting_library_function
    defsig_rtmem_outer.o(.text) refers to defsig_rtmem_inner.o(.text) for __rt_SIGRTMEM_inner
    defsig_rtmem_outer.o(.text) refers to defsig_exit.o(.text) for __sig_exit
    defsig_rtmem_formal.o(.text) refers to rt_raise.o(.text) for __rt_raise
    rt_raise.o(.text) refers to __raise.o(.text) for __raise
    rt_raise.o(.text) refers to sys_exit.o(.text) for _sys_exit
    defsig_exit.o(.text) refers to sys_exit.o(.text) for _sys_exit
    defsig_rtmem_inner.o(.text) refers to defsig_general.o(.text) for __default_signal_display
    __raise.o(.text) refers to defsig.o(CL$$defsig) for __default_signal_handler
    defsig_general.o(.text) refers to sys_wrch.o(.text) for _ttywrch
    sys_wrch.o(.text) refers (Special) to use_no_semi.o(.text) for __I$use$semihosting
    sys_wrch.o(.text) refers (Special) to indicate_semi.o(.text) for __semihosting_library_function
    defsig.o(CL$$defsig) refers to defsig_rtmem_inner.o(.text) for __rt_SIGRTMEM_inner
    defsig_abrt_inner.o(.text) refers to defsig_general.o(.text) for __default_signal_display
    defsig_fpe_inner.o(.text) refers to defsig_general.o(.text) for __default_signal_display
    defsig_rtred_inner.o(.text) refers to defsig_general.o(.text) for __default_signal_display
    defsig_stak_inner.o(.text) refers to defsig_general.o(.text) for __default_signal_display
    defsig_pvfn_inner.o(.text) refers to defsig_general.o(.text) for __default_signal_display
    defsig_cppl_inner.o(.text) refers to defsig_general.o(.text) for __default_signal_display
    defsig_segv_inner.o(.text) refers to defsig_general.o(.text) for __default_signal_display
    defsig_other.o(.text) refers to defsig_general.o(.text) for __default_signal_display


==============================================================================

Removing Unused input sections from the image.

    Removing switches.o(.rev16_text), (4 bytes).
    Removing switches.o(.revsh_text), (4 bytes).
    Removing main.o(.rev16_text), (4 bytes).
    Removing main.o(.revsh_text), (4 bytes).

4 unused section(s) (total 16 bytes) removed from the image.

==============================================================================

Memory Map of the image

  Image Entry point : 0x00000000

  Load Region LR_1 (Base: 0x00000000, Size: 0x000011c4, Max: 0xffffffff, ABSOLUTE)

    Execution Region ER_RO (Base: 0x00000000, Size: 0x00001190, Max: 0xffffffff, ABSOLUTE)

    Base Addr    Size         Type   Attr      Idx    E Section Name        Object

    0x00000000   0x0000026c   Data   RO            3    RESET               startup_tm4c123.o
    0x0000026c   0x00000008   Code   RO          191  * !!!main             c_w.l(__main.o)
    0x00000274   0x00000000   Code   RO          188    .ARM.Collect$$_printf_percent$$00000000  c_w.l(_printf_percent.o)
    0x00000274   0x00000006   Code   RO          187    .ARM.Collect$$_printf_percent$$00000009  c_w.l(_printf_d.o)
    0x0000027a   0x00000004   Code   RO          200    .ARM.Collect$$_printf_percent$$00000017  c_w.l(_printf_percent_end.o)
    0x0000027e   0x00000002   Code   RO          227    .ARM.Collect$$libinit$$00000000  c_w.l(libinit.o)
    0x00000280   0x00000004   Code   RO          233    .ARM.Collect$$libinit$$00000001  c_w.l(libinit2.o)
    0x00000284   0x00000000   Code   RO          237    .ARM.Collect$$libinit$$00000008  c_w.l(libinit2.o)
    0x00000284   0x00000000   Code   RO          239    .ARM.Collect$$libinit$$0000000A  c_w.l(libinit2.o)
    0x00000284   0x00000000   Code   RO          241    .ARM.Collect$$libinit$$0000000C  c_w.l(libinit2.o)
    0x00000284   0x00000000   Code   RO          244    .ARM.Collect$$libinit$$0000000F  c_w.l(libinit2.o)
    0x00000284   0x00000000   Code   RO          246    .ARM.Collect$$libinit$$00000011  c_w.l(libinit2.o)
    0x00000284   0x00000000   Code   RO          248    .ARM.Collect$$libinit$$00000013  c_w.l(libinit2.o)
    0x00000284   0x00000000   Code   RO          250    .ARM.Collect$$libinit$$00000015  c_w.l(libinit2.o)
    0x00000284   0x00000000   Code   RO          252    .ARM.Collect$$libinit$$00000017  c_w.l(libinit2.o)
    0x00000284   0x00000000   Code   RO          254    .ARM.Collect$$libinit$$00000019  c_w.l(libinit2.o)
    0x00000284   0x00000000   Code   RO          256    .ARM.Collect$$libinit$$0000001B  c_w.l(libinit2.o)
    0x00000284   0x00000000   Code   RO          258    .ARM.Collect$$libinit$$0000001D  c_w.l(libinit2.o)
    0x00000284   0x00000000   Code   RO          260    .ARM.Collect$$libinit$$0000001F  c_w.l(libinit2.o)
    0x00000284   0x00000000   Code   RO          262    .ARM.Collect$$libinit$$00000021  c_w.l(libinit2.o)
    0x00000284   0x00000000   Code   RO          264    .ARM.Collect$$libinit$$00000023  c_w.l(libinit2.o)
    0x00000284   0x00000000   Code   RO          268    .ARM.Collect$$libinit$$0000002A  c_w.l(libinit2.o)
    0x00000284   0x00000000   Code   RO          270    .ARM.Collect$$libinit$$0000002C  c_w.l(libinit2.o)
    0x00000284   0x00000000   Code   RO          272    .ARM.Collect$$libinit$$0000002E  c_w.l(libinit2.o)
    0x00000284   0x00000000   Code   RO          274    .ARM.Collect$$libinit$$00000030  c_w.l(libinit2.o)
    0x00000284   0x00000002   Code   RO          275    .ARM.Collect$$libinit$$00000031  c_w.l(libinit2.o)
    0x00000286   0x00000002   Code   RO          295    .ARM.Collect$$libshutdown$$00000000  c_w.l(libshutdown.o)
    0x00000288   0x00000000   Code   RO          309    .ARM.Collect$$libshutdown$$00000003  c_w.l(libshutdown2.o)
    0x00000288   0x00000000   Code   RO          312    .ARM.Collect$$libshutdown$$00000006  c_w.l(libshutdown2.o)
    0x00000288   0x00000000   Code   RO          315    .ARM.Collect$$libshutdown$$00000009  c_w.l(libshutdown2.o)
    0x00000288   0x00000000   Code   RO          317    .ARM.Collect$$libshutdown$$0000000B  c_w.l(libshutdown2.o)
    0x00000288   0x00000000   Code   RO          320    .ARM.Collect$$libshutdown$$0000000E  c_w.l(libshutdown2.o)
    0x00000288   0x00000002   Code   RO          321    .ARM.Collect$$libshutdown$$0000000F  c_w.l(libshutdown2.o)
    0x0000028a   0x00000000   Code   RO          193    .ARM.Collect$$rtentry$$00000000  c_w.l(rtentry.o)
    0x0000028a   0x00000000   Code   RO          202    .ARM.Collect$$rtentry$$00000002  c_w.l(rtentry2.o)
    0x0000028a   0x00000006   Code   RO          214    .ARM.Collect$$rtentry$$00000004  c_w.l(rtentry4.o)
    0x00000290   0x00000000   Code   RO          204    .ARM.Collect$$rtentry$$00000009  c_w.l(rtentry2.o)
    0x00000290   0x00000004   Code   RO          205    .ARM.Collect$$rtentry$$0000000A  c_w.l(rtentry2.o)
    0x00000294   0x00000000   Code   RO          207    .ARM.Collect$$rtentry$$0000000C  c_w.l(rtentry2.o)
    0x00000294   0x00000008   Code   RO          208    .ARM.Collect$$rtentry$$0000000D  c_w.l(rtentry2.o)
    0x0000029c   0x00000002   Code   RO          231    .ARM.Collect$$rtexit$$00000000  c_w.l(rtexit.o)
    0x0000029e   0x00000000   Code   RO          277    .ARM.Collect$$rtexit$$00000002  c_w.l(rtexit2.o)
    0x0000029e   0x00000004   Code   RO          278    .ARM.Collect$$rtexit$$00000003  c_w.l(rtexit2.o)
    0x000002a2   0x00000006   Code   RO          279    .ARM.Collect$$rtexit$$00000004  c_w.l(rtexit2.o)
    0x000002a8   0x0000010c   Code   RO            4  * .text               startup_tm4c123.o
    0x000003b4   0x00000050   Code   RO           10    .text               delays.o
    0x00000404   0x00000254   Code   RO           23    .text               lcd.o
    0x00000658   0x00000128   Code   RO           51    .text               keypad.o
    0x00000780   0x00000280   Code   RO           71    .text               switches.o
    0x00000a00   0x00000518   Code   RO          117    .text               main.o
    0x00000f18   0x00000028   Code   RO          161    .text               c_w.l(noretval__2sprintf.o)
    0x00000f40   0x00000068   Code   RO          163    .text               c_w.l(__printf.o)
    0x00000fa8   0x00000078   Code   RO          165    .text               c_w.l(_printf_dec.o)
    0x00001020   0x00000006   Code   RO          189    .text               c_w.l(heapauxi.o)
    0x00001026   0x000000b8   Code   RO          194    .text               c_w.l(_printf_intcommon.o)
    0x000010de   0x00000002   PAD
    0x000010e0   0x00000030   Code   RO          196    .text               c_w.l(_printf_char_common.o)
    0x00001110   0x0000000a   Code   RO          198    .text               c_w.l(_sputc.o)
    0x0000111a   0x0000004a   Code   RO          218    .text               c_w.l(sys_stackheap_outer.o)
    0x00001164   0x0000000c   Code   RO          220    .text               c_w.l(exit.o)
    0x00001170   0x00000008   Code   RO          228    .text               c_w.l(libspace.o)
    0x00001178   0x0000000c   Code   RO          287    .text               c_w.l(sys_exit.o)
    0x00001184   0x00000002   Code   RO          298    .text               c_w.l(use_no_semi.o)
    0x00001186   0x00000000   Code   RO          300    .text               c_w.l(indicate_semi.o)
    0x00001186   0x0000000a   Code   RO          285    x$fpl$fpinit        fz_wm.l(fpinit.o)
    0x00001190   0x00000000   Data   RO          352    Region$$Table       anon$$obj.o


    Execution Region ER_RW (Base: 0x20000000, Size: 0x00000034, Max: 0xffffffff, ABSOLUTE)

    Base Addr    Size         Type   Attr      Idx    E Section Name        Object

    0x20000000   0x00000010   Data   RW           52    .data               keypad.o
    0x20000010   0x00000024   Data   RW          118    .data               main.o


    Execution Region ER_ZI (Base: 0x20000034, Size: 0x00000264, Max: 0xffffffff, ABSOLUTE)

    Base Addr    Size         Type   Attr      Idx    E Section Name        Object

    0x20000034   0x00000060   Zero   RW          229    .bss                c_w.l(libspace.o)
    0x20000094   0x00000004   PAD
    0x20000098   0x00000000   Zero   RW            2    HEAP                startup_tm4c123.o
    0x20000098   0x00000200   Zero   RW            1    STACK               startup_tm4c123.o

